Archive member included to satisfy reference by file (symbol)

c:/st/stm32cubeide_1.4.0/stm32cubeide/plugins/com.st.stm32cube.ide.mcu.externaltools.gnu-tools-for-stm32.7-2018-q2-update.win32_1.4.0.202007081208/tools/bin/../lib/gcc/arm-none-eabi/7.3.1/../../../../arm-none-eabi/lib/thumb/v6-m\libc_nano.a(lib_a-errno.o)
                              Core/Src/syscalls.o (__errno)
c:/st/stm32cubeide_1.4.0/stm32cubeide/plugins/com.st.stm32cube.ide.mcu.externaltools.gnu-tools-for-stm32.7-2018-q2-update.win32_1.4.0.202007081208/tools/bin/../lib/gcc/arm-none-eabi/7.3.1/../../../../arm-none-eabi/lib/thumb/v6-m\libc_nano.a(lib_a-exit.o)
                              c:/st/stm32cubeide_1.4.0/stm32cubeide/plugins/com.st.stm32cube.ide.mcu.externaltools.gnu-tools-for-stm32.7-2018-q2-update.win32_1.4.0.202007081208/tools/bin/../lib/gcc/arm-none-eabi/7.3.1/../../../../arm-none-eabi/lib/thumb/v6-m/crt0.o (exit)
c:/st/stm32cubeide_1.4.0/stm32cubeide/plugins/com.st.stm32cube.ide.mcu.externaltools.gnu-tools-for-stm32.7-2018-q2-update.win32_1.4.0.202007081208/tools/bin/../lib/gcc/arm-none-eabi/7.3.1/../../../../arm-none-eabi/lib/thumb/v6-m\libc_nano.a(lib_a-impure.o)
                              c:/st/stm32cubeide_1.4.0/stm32cubeide/plugins/com.st.stm32cube.ide.mcu.externaltools.gnu-tools-for-stm32.7-2018-q2-update.win32_1.4.0.202007081208/tools/bin/../lib/gcc/arm-none-eabi/7.3.1/../../../../arm-none-eabi/lib/thumb/v6-m\libc_nano.a(lib_a-exit.o) (_global_impure_ptr)
c:/st/stm32cubeide_1.4.0/stm32cubeide/plugins/com.st.stm32cube.ide.mcu.externaltools.gnu-tools-for-stm32.7-2018-q2-update.win32_1.4.0.202007081208/tools/bin/../lib/gcc/arm-none-eabi/7.3.1/../../../../arm-none-eabi/lib/thumb/v6-m\libc_nano.a(lib_a-init.o)
                              c:/st/stm32cubeide_1.4.0/stm32cubeide/plugins/com.st.stm32cube.ide.mcu.externaltools.gnu-tools-for-stm32.7-2018-q2-update.win32_1.4.0.202007081208/tools/bin/../lib/gcc/arm-none-eabi/7.3.1/../../../../arm-none-eabi/lib/thumb/v6-m/crt0.o (__libc_init_array)
c:/st/stm32cubeide_1.4.0/stm32cubeide/plugins/com.st.stm32cube.ide.mcu.externaltools.gnu-tools-for-stm32.7-2018-q2-update.win32_1.4.0.202007081208/tools/bin/../lib/gcc/arm-none-eabi/7.3.1/../../../../arm-none-eabi/lib/thumb/v6-m\libc_nano.a(lib_a-memset.o)
                              c:/st/stm32cubeide_1.4.0/stm32cubeide/plugins/com.st.stm32cube.ide.mcu.externaltools.gnu-tools-for-stm32.7-2018-q2-update.win32_1.4.0.202007081208/tools/bin/../lib/gcc/arm-none-eabi/7.3.1/../../../../arm-none-eabi/lib/thumb/v6-m/crt0.o (memset)
c:/st/stm32cubeide_1.4.0/stm32cubeide/plugins/com.st.stm32cube.ide.mcu.externaltools.gnu-tools-for-stm32.7-2018-q2-update.win32_1.4.0.202007081208/tools/bin/../lib/gcc/arm-none-eabi/7.3.1/thumb/v6-m\libgcc.a(_udivsi3.o)
                              Core/Src/sct.o (__aeabi_uidiv)
c:/st/stm32cubeide_1.4.0/stm32cubeide/plugins/com.st.stm32cube.ide.mcu.externaltools.gnu-tools-for-stm32.7-2018-q2-update.win32_1.4.0.202007081208/tools/bin/../lib/gcc/arm-none-eabi/7.3.1/thumb/v6-m\libgcc.a(_divsi3.o)
                              Core/Src/main.o (__aeabi_idiv)
c:/st/stm32cubeide_1.4.0/stm32cubeide/plugins/com.st.stm32cube.ide.mcu.externaltools.gnu-tools-for-stm32.7-2018-q2-update.win32_1.4.0.202007081208/tools/bin/../lib/gcc/arm-none-eabi/7.3.1/thumb/v6-m\libgcc.a(_dvmd_tls.o)
                              c:/st/stm32cubeide_1.4.0/stm32cubeide/plugins/com.st.stm32cube.ide.mcu.externaltools.gnu-tools-for-stm32.7-2018-q2-update.win32_1.4.0.202007081208/tools/bin/../lib/gcc/arm-none-eabi/7.3.1/thumb/v6-m\libgcc.a(_udivsi3.o) (__aeabi_idiv0)

Allocating common symbols
Common symbol       size              file

uwTick              0x4               Drivers/STM32F0xx_HAL_Driver/Src/stm32f0xx_hal.o
pFlash              0x20              Drivers/STM32F0xx_HAL_Driver/Src/stm32f0xx_hal_flash.o

Discarded input sections

 .text          0x0000000000000000        0x0 c:/st/stm32cubeide_1.4.0/stm32cubeide/plugins/com.st.stm32cube.ide.mcu.externaltools.gnu-tools-for-stm32.7-2018-q2-update.win32_1.4.0.202007081208/tools/bin/../lib/gcc/arm-none-eabi/7.3.1/thumb/v6-m/crti.o
 .data          0x0000000000000000        0x0 c:/st/stm32cubeide_1.4.0/stm32cubeide/plugins/com.st.stm32cube.ide.mcu.externaltools.gnu-tools-for-stm32.7-2018-q2-update.win32_1.4.0.202007081208/tools/bin/../lib/gcc/arm-none-eabi/7.3.1/thumb/v6-m/crti.o
 .bss           0x0000000000000000        0x0 c:/st/stm32cubeide_1.4.0/stm32cubeide/plugins/com.st.stm32cube.ide.mcu.externaltools.gnu-tools-for-stm32.7-2018-q2-update.win32_1.4.0.202007081208/tools/bin/../lib/gcc/arm-none-eabi/7.3.1/thumb/v6-m/crti.o
 .data          0x0000000000000000        0x4 c:/st/stm32cubeide_1.4.0/stm32cubeide/plugins/com.st.stm32cube.ide.mcu.externaltools.gnu-tools-for-stm32.7-2018-q2-update.win32_1.4.0.202007081208/tools/bin/../lib/gcc/arm-none-eabi/7.3.1/thumb/v6-m/crtbegin.o
[...]
Memory Configuration

Name             Origin             Length             Attributes
RAM              0x0000000020000000 0x0000000000002000 xrw
FLASH            0x0000000008000000 0x0000000000010000 xr
*default*        0x0000000000000000 0xffffffffffffffff

Linker script and memory map

LOAD c:/st/stm32cubeide_1.4.0/stm32cubeide/plugins/com.st.stm32cube.ide.mcu.externaltools.gnu-tools-for-stm32.7-2018-q2-update.win32_1.4.0.202007081208/tools/bin/../lib/gcc/arm-none-eabi/7.3.1/thumb/v6-m/crti.o
LOAD c:/st/stm32cubeide_1.4.0/stm32cubeide/plugins/com.st.stm32cube.ide.mcu.externaltools.gnu-tools-for-stm32.7-2018-q2-update.win32_1.4.0.202007081208/tools/bin/../lib/gcc/arm-none-eabi/7.3.1/thumb/v6-m/crtbegin.o
LOAD c:/st/stm32cubeide_1.4.0/stm32cubeide/plugins/com.st.stm32cube.ide.mcu.externaltools.gnu-tools-for-stm32.7-2018-q2-update.win32_1.4.0.202007081208/tools/bin/../lib/gcc/arm-none-eabi/7.3.1/../../../../arm-none-eabi/lib/thumb/v6-m/crt0.o
LOAD Core/Src/1wire.o
LOAD Core/Src/main.o
LOAD Core/Src/sct.o
LOAD Core/Src/stm32f0xx_hal_msp.o
LOAD Core/Src/stm32f0xx_it.o
LOAD Core/Src/syscalls.o
LOAD Core/Src/sysmem.o
LOAD Core/Src/system_stm32f0xx.o
LOAD Core/Startup/startup_stm32f030r8tx.o
LOAD Drivers/STM32F0xx_HAL_Driver/Src/stm32f0xx_hal.o
LOAD Drivers/STM32F0xx_HAL_Driver/Src/stm32f0xx_hal_cortex.o
LOAD Drivers/STM32F0xx_HAL_Driver/Src/stm32f0xx_hal_dma.o
LOAD Drivers/STM32F0xx_HAL_Driver/Src/stm32f0xx_hal_exti.o
LOAD Drivers/STM32F0xx_HAL_Driver/Src/stm32f0xx_hal_flash.o
LOAD Drivers/STM32F0xx_HAL_Driver/Src/stm32f0xx_hal_flash_ex.o
LOAD Drivers/STM32F0xx_HAL_Driver/Src/stm32f0xx_hal_gpio.o
LOAD Drivers/STM32F0xx_HAL_Driver/Src/stm32f0xx_hal_i2c.o
LOAD Drivers/STM32F0xx_HAL_Driver/Src/stm32f0xx_hal_i2c_ex.o
LOAD Drivers/STM32F0xx_HAL_Driver/Src/stm32f0xx_hal_pwr.o
LOAD Drivers/STM32F0xx_HAL_Driver/Src/stm32f0xx_hal_pwr_ex.o
LOAD Drivers/STM32F0xx_HAL_Driver/Src/stm32f0xx_hal_rcc.o
LOAD Drivers/STM32F0xx_HAL_Driver/Src/stm32f0xx_hal_rcc_ex.o
LOAD Drivers/STM32F0xx_HAL_Driver/Src/stm32f0xx_hal_tim.o
LOAD Drivers/STM32F0xx_HAL_Driver/Src/stm32f0xx_hal_tim_ex.o
START GROUP
LOAD c:/st/stm32cubeide_1.4.0/stm32cubeide/plugins/com.st.stm32cube.ide.mcu.externaltools.gnu-tools-for-stm32.7-2018-q2-update.win32_1.4.0.202007081208/tools/bin/../lib/gcc/arm-none-eabi/7.3.1/../../../../arm-none-eabi/lib/thumb/v6-m\libc_nano.a
LOAD c:/st/stm32cubeide_1.4.0/stm32cubeide/plugins/com.st.stm32cube.ide.mcu.externaltools.gnu-tools-for-stm32.7-2018-q2-update.win32_1.4.0.202007081208/tools/bin/../lib/gcc/arm-none-eabi/7.3.1/../../../../arm-none-eabi/lib/thumb/v6-m\libm.a
END GROUP
START GROUP
LOAD c:/st/stm32cubeide_1.4.0/stm32cubeide/plugins/com.st.stm32cube.ide.mcu.externaltools.gnu-tools-for-stm32.7-2018-q2-update.win32_1.4.0.202007081208/tools/bin/../lib/gcc/arm-none-eabi/7.3.1/thumb/v6-m\libgcc.a
LOAD c:/st/stm32cubeide_1.4.0/stm32cubeide/plugins/com.st.stm32cube.ide.mcu.externaltools.gnu-tools-for-stm32.7-2018-q2-update.win32_1.4.0.202007081208/tools/bin/../lib/gcc/arm-none-eabi/7.3.1/../../../../arm-none-eabi/lib/thumb/v6-m\libc_nano.a
END GROUP
START GROUP
LOAD c:/st/stm32cubeide_1.4.0/stm32cubeide/plugins/com.st.stm32cube.ide.mcu.externaltools.gnu-tools-for-stm32.7-2018-q2-update.win32_1.4.0.202007081208/tools/bin/../lib/gcc/arm-none-eabi/7.3.1/thumb/v6-m\libgcc.a
LOAD c:/st/stm32cubeide_1.4.0/stm32cubeide/plugins/com.st.stm32cube.ide.mcu.externaltools.gnu-tools-for-stm32.7-2018-q2-update.win32_1.4.0.202007081208/tools/bin/../lib/gcc/arm-none-eabi/7.3.1/../../../../arm-none-eabi/lib/thumb/v6-m\libc_nano.a
LOAD c:/st/stm32cubeide_1.4.0/stm32cubeide/plugins/com.st.stm32cube.ide.mcu.externaltools.gnu-tools-for-stm32.7-2018-q2-update.win32_1.4.0.202007081208/tools/bin/../lib/gcc/arm-none-eabi/7.3.1/../../../../arm-none-eabi/lib/thumb/v6-m\libnosys.a
END GROUP
START GROUP
LOAD c:/st/stm32cubeide_1.4.0/stm32cubeide/plugins/com.st.stm32cube.ide.mcu.externaltools.gnu-tools-for-stm32.7-2018-q2-update.win32_1.4.0.202007081208/tools/bin/../lib/gcc/arm-none-eabi/7.3.1/thumb/v6-m\libgcc.a
LOAD c:/st/stm32cubeide_1.4.0/stm32cubeide/plugins/com.st.stm32cube.ide.mcu.externaltools.gnu-tools-for-stm32.7-2018-q2-update.win32_1.4.0.202007081208/tools/bin/../lib/gcc/arm-none-eabi/7.3.1/../../../../arm-none-eabi/lib/thumb/v6-m\libc_nano.a
LOAD c:/st/stm32cubeide_1.4.0/stm32cubeide/plugins/com.st.stm32cube.ide.mcu.externaltools.gnu-tools-for-stm32.7-2018-q2-update.win32_1.4.0.202007081208/tools/bin/../lib/gcc/arm-none-eabi/7.3.1/../../../../arm-none-eabi/lib/thumb/v6-m\libnosys.a
END GROUP
LOAD c:/st/stm32cubeide_1.4.0/stm32cubeide/plugins/com.st.stm32cube.ide.mcu.externaltools.gnu-tools-for-stm32.7-2018-q2-update.win32_1.4.0.202007081208/tools/bin/../lib/gcc/arm-none-eabi/7.3.1/thumb/v6-m/crtend.o
LOAD c:/st/stm32cubeide_1.4.0/stm32cubeide/plugins/com.st.stm32cube.ide.mcu.externaltools.gnu-tools-for-stm32.7-2018-q2-update.win32_1.4.0.202007081208/tools/bin/../lib/gcc/arm-none-eabi/7.3.1/thumb/v6-m/crtn.o
                0x0000000020002000                _estack = (ORIGIN (RAM) + LENGTH (RAM))
                0x0000000000000200                _Min_Heap_Size = 0x200
                0x0000000000000400                _Min_Stack_Size = 0x400

.isr_vector     0x0000000008000000       0xc0
                0x0000000008000000                . = ALIGN (0x4)
 *(.isr_vector)
 .isr_vector    0x0000000008000000       0xc0 Core/Startup/startup_stm32f030r8tx.o
                0x0000000008000000                g_pfnVectors
                0x00000000080000c0                . = ALIGN (0x4)

.text           0x00000000080000c0     0x1a78
                0x00000000080000c0                . = ALIGN (0x4)
 *(.text)
 .text          0x00000000080000c0       0x48 c:/st/stm32cubeide_1.4.0/stm32cubeide/plugins/com.st.stm32cube.ide.mcu.externaltools.gnu-tools-for-stm32.7-2018-q2-update.win32_1.4.0.202007081208/tools/bin/../lib/gcc/arm-none-eabi/7.3.1/thumb/v6-m/crtbegin.o
 .text          0x0000000008000108      0x114 c:/st/stm32cubeide_1.4.0/stm32cubeide/plugins/com.st.stm32cube.ide.mcu.externaltools.gnu-tools-for-stm32.7-2018-q2-update.win32_1.4.0.202007081208/tools/bin/../lib/gcc/arm-none-eabi/7.3.1/thumb/v6-m\libgcc.a(_udivsi3.o)
                0x0000000008000108                __aeabi_uidiv
                0x0000000008000108                __udivsi3
                0x0000000008000214                __aeabi_uidivmod
 .text          0x000000000800021c      0x1d4 c:/st/stm32cubeide_1.4.0/stm32cubeide/plugins/com.st.stm32cube.ide.mcu.externaltools.gnu-tools-for-stm32.7-2018-q2-update.win32_1.4.0.202007081208/tools/bin/../lib/gcc/arm-none-eabi/7.3.1/thumb/v6-m\libgcc.a(_divsi3.o)
                0x000000000800021c                __divsi3
                0x000000000800021c                __aeabi_idiv
                0x00000000080003e8                __aeabi_idivmod
 .text          0x00000000080003f0        0x4 c:/st/stm32cubeide_1.4.0/stm32cubeide/plugins/com.st.stm32cube.ide.mcu.externaltools.gnu-tools-for-stm32.7-2018-q2-update.win32_1.4.0.202007081208/tools/bin/../lib/gcc/arm-none-eabi/7.3.1/thumb/v6-m\libgcc.a(_dvmd_tls.o)
                0x00000000080003f0                __aeabi_idiv0
                0x00000000080003f0                __aeabi_ldiv0
 *(.text*)
 .text.OWInit   0x00000000080003f4       0x18 Core/Src/1wire.o
                0x00000000080003f4                OWInit
 .text.OWReset  0x000000000800040c       0xa4 Core/Src/1wire.o
                0x000000000800040c                OWReset
 .text.OWWriteBit
                0x00000000080004b0       0xc2 Core/Src/1wire.o
                0x00000000080004b0                OWWriteBit
 .text.OWReadBit
                0x0000000008000572       0x9e Core/Src/1wire.o
                0x0000000008000572                OWReadBit
 .text.OWWriteByte
                0x0000000008000610       0x4e Core/Src/1wire.o
                0x0000000008000610                OWWriteByte
 .text.OWReadByte
                0x000000000800065e       0x3e Core/Src/1wire.o
                0x000000000800065e                OWReadByte
 .text.OWSendCmd
                0x000000000800069c       0x68 Core/Src/1wire.o
                0x000000000800069c                OWSendCmd
 .text.OWCRC    0x0000000008000704       0x7a Core/Src/1wire.o
                0x0000000008000704                OWCRC
 .text.OWConvertAll
                0x000000000800077e       0x12 Core/Src/1wire.o
                0x000000000800077e                OWConvertAll
 .text.OWReadTemperature
                0x0000000008000790       0xd0 Core/Src/1wire.o
                0x0000000008000790                OWReadTemperature
 .text.main     0x0000000008000860       0x50 Core/Src/main.o
                0x0000000008000860                main
 .text.SystemClock_Config
                0x00000000080008b0       0x80 Core/Src/main.o
                0x00000000080008b0                SystemClock_Config
 .text.MX_GPIO_Init
                0x0000000008000930      0x144 Core/Src/main.o
 .text.Error_Handler
                0x0000000008000a74        0xa Core/Src/main.o
                0x0000000008000a74                Error_Handler
 *fill*         0x0000000008000a7e        0x2 
 .text.sct_led  0x0000000008000a80       0x68 Core/Src/sct.o
                0x0000000008000a80                sct_led
 .text.sct_init
                0x0000000008000ae8       0x40 Core/Src/sct.o
                0x0000000008000ae8                sct_init
 .text.sct_value
                0x0000000008000b28       0x9c Core/Src/sct.o
                0x0000000008000b28                sct_value
 .text.HAL_MspInit
                0x0000000008000bc4       0x48 Core/Src/stm32f0xx_hal_msp.o
                0x0000000008000bc4                HAL_MspInit
 .text.NMI_Handler
                0x0000000008000c0c        0xa Core/Src/stm32f0xx_it.o
                0x0000000008000c0c                NMI_Handler
 .text.HardFault_Handler
                0x0000000008000c16        0x6 Core/Src/stm32f0xx_it.o
                0x0000000008000c16                HardFault_Handler
 .text.SVC_Handler
                0x0000000008000c1c        0xa Core/Src/stm32f0xx_it.o
                0x0000000008000c1c                SVC_Handler
 .text.PendSV_Handler
                0x0000000008000c26        0xa Core/Src/stm32f0xx_it.o
                0x0000000008000c26                PendSV_Handler
 .text.SysTick_Handler
                0x0000000008000c30        0xe Core/Src/stm32f0xx_it.o
                0x0000000008000c30                SysTick_Handler
 .text.SystemInit
                0x0000000008000c3e        0xa Core/Src/system_stm32f0xx.o
                0x0000000008000c3e                SystemInit
 .text.Reset_Handler
                0x0000000008000c48       0x50 Core/Startup/startup_stm32f030r8tx.o
                0x0000000008000c48                Reset_Handler
 .text.Default_Handler
                0x0000000008000c98        0x2 Core/Startup/startup_stm32f030r8tx.o
                0x0000000008000c98                TIM1_CC_IRQHandler
                0x0000000008000c98                TIM6_IRQHandler
                0x0000000008000c98                I2C1_IRQHandler
                0x0000000008000c98                SPI1_IRQHandler
                0x0000000008000c98                EXTI2_3_IRQHandler
                0x0000000008000c98                ADC1_IRQHandler
                0x0000000008000c98                I2C2_IRQHandler
                0x0000000008000c98                TIM17_IRQHandler
                0x0000000008000c98                RTC_IRQHandler
                0x0000000008000c98                TIM16_IRQHandler
                0x0000000008000c98                TIM3_IRQHandler
                0x0000000008000c98                EXTI4_15_IRQHandler
                0x0000000008000c98                RCC_IRQHandler
                0x0000000008000c98                DMA1_Channel1_IRQHandler
                0x0000000008000c98                Default_Handler
                0x0000000008000c98                TIM14_IRQHandler
                0x0000000008000c98                DMA1_Channel4_5_IRQHandler
                0x0000000008000c98                TIM15_IRQHandler
                0x0000000008000c98                EXTI0_1_IRQHandler
                0x0000000008000c98                SPI2_IRQHandler
                0x0000000008000c98                WWDG_IRQHandler
                0x0000000008000c98                DMA1_Channel2_3_IRQHandler
                0x0000000008000c98                USART2_IRQHandler
                0x0000000008000c98                FLASH_IRQHandler
                0x0000000008000c98                USART1_IRQHandler
                0x0000000008000c98                TIM1_BRK_UP_TRG_COM_IRQHandler
 *fill*         0x0000000008000c9a        0x2 
 .text.HAL_Init
                0x0000000008000c9c       0x28 Drivers/STM32F0xx_HAL_Driver/Src/stm32f0xx_hal.o
                0x0000000008000c9c                HAL_Init
 .text.HAL_InitTick
                0x0000000008000cc4       0x68 Drivers/STM32F0xx_HAL_Driver/Src/stm32f0xx_hal.o
                0x0000000008000cc4                HAL_InitTick
 .text.HAL_IncTick
                0x0000000008000d2c       0x24 Drivers/STM32F0xx_HAL_Driver/Src/stm32f0xx_hal.o
                0x0000000008000d2c                HAL_IncTick
 .text.HAL_GetTick
                0x0000000008000d50       0x14 Drivers/STM32F0xx_HAL_Driver/Src/stm32f0xx_hal.o
                0x0000000008000d50                HAL_GetTick
 .text.HAL_Delay
                0x0000000008000d64       0x44 Drivers/STM32F0xx_HAL_Driver/Src/stm32f0xx_hal.o
                0x0000000008000d64                HAL_Delay
 .text.__NVIC_SetPriority
                0x0000000008000da8       0xdc Drivers/STM32F0xx_HAL_Driver/Src/stm32f0xx_hal_cortex.o
 .text.SysTick_Config
                0x0000000008000e84       0x48 Drivers/STM32F0xx_HAL_Driver/Src/stm32f0xx_hal_cortex.o
 .text.HAL_NVIC_SetPriority
                0x0000000008000ecc       0x2a Drivers/STM32F0xx_HAL_Driver/Src/stm32f0xx_hal_cortex.o
                0x0000000008000ecc                HAL_NVIC_SetPriority
 .text.HAL_SYSTICK_Config
                0x0000000008000ef6       0x1a Drivers/STM32F0xx_HAL_Driver/Src/stm32f0xx_hal_cortex.o
                0x0000000008000ef6                HAL_SYSTICK_Config
 .text.HAL_GPIO_Init
                0x0000000008000f10      0x2e0 Drivers/STM32F0xx_HAL_Driver/Src/stm32f0xx_hal_gpio.o
                0x0000000008000f10                HAL_GPIO_Init
 .text.HAL_GPIO_WritePin
                0x00000000080011f0       0x3a Drivers/STM32F0xx_HAL_Driver/Src/stm32f0xx_hal_gpio.o
                0x00000000080011f0                HAL_GPIO_WritePin
 *fill*         0x000000000800122a        0x2 
 .text.HAL_RCC_OscConfig
                0x000000000800122c      0x638 Drivers/STM32F0xx_HAL_Driver/Src/stm32f0xx_hal_rcc.o
                0x000000000800122c                HAL_RCC_OscConfig
 .text.HAL_RCC_ClockConfig
                0x0000000008001864      0x19c Drivers/STM32F0xx_HAL_Driver/Src/stm32f0xx_hal_rcc.o
                0x0000000008001864                HAL_RCC_ClockConfig
 .text.HAL_RCC_GetSysClockFreq
                0x0000000008001a00       0xc8 Drivers/STM32F0xx_HAL_Driver/Src/stm32f0xx_hal_rcc.o
                0x0000000008001a00                HAL_RCC_GetSysClockFreq
 .text.__libc_init_array
                0x0000000008001ac8       0x48 c:/st/stm32cubeide_1.4.0/stm32cubeide/plugins/com.st.stm32cube.ide.mcu.externaltools.gnu-tools-for-stm32.7-2018-q2-update.win32_1.4.0.202007081208/tools/bin/../lib/gcc/arm-none-eabi/7.3.1/../../../../arm-none-eabi/lib/thumb/v6-m\libc_nano.a(lib_a-init.o)
                0x0000000008001ac8                __libc_init_array
 .text.memset   0x0000000008001b10       0x10 c:/st/stm32cubeide_1.4.0/stm32cubeide/plugins/com.st.stm32cube.ide.mcu.externaltools.gnu-tools-for-stm32.7-2018-q2-update.win32_1.4.0.202007081208/tools/bin/../lib/gcc/arm-none-eabi/7.3.1/../../../../arm-none-eabi/lib/thumb/v6-m\libc_nano.a(lib_a-memset.o)
                0x0000000008001b10                memset
 *(.glue_7)
 .glue_7        0x0000000008001b20        0x0 linker stubs
 *(.glue_7t)
 .glue_7t       0x0000000008001b20        0x0 linker stubs
 *(.eh_frame)
 .eh_frame      0x0000000008001b20        0x0 c:/st/stm32cubeide_1.4.0/stm32cubeide/plugins/com.st.stm32cube.ide.mcu.externaltools.gnu-tools-for-stm32.7-2018-q2-update.win32_1.4.0.202007081208/tools/bin/../lib/gcc/arm-none-eabi/7.3.1/thumb/v6-m/crtbegin.o
 *(.init)
 .init          0x0000000008001b20        0x4 c:/st/stm32cubeide_1.4.0/stm32cubeide/plugins/com.st.stm32cube.ide.mcu.externaltools.gnu-tools-for-stm32.7-2018-q2-update.win32_1.4.0.202007081208/tools/bin/../lib/gcc/arm-none-eabi/7.3.1/thumb/v6-m/crti.o
                0x0000000008001b20                _init
 .init          0x0000000008001b24        0x8 c:/st/stm32cubeide_1.4.0/stm32cubeide/plugins/com.st.stm32cube.ide.mcu.externaltools.gnu-tools-for-stm32.7-2018-q2-update.win32_1.4.0.202007081208/tools/bin/../lib/gcc/arm-none-eabi/7.3.1/thumb/v6-m/crtn.o
 *(.fini)
 .fini          0x0000000008001b2c        0x4 c:/st/stm32cubeide_1.4.0/stm32cubeide/plugins/com.st.stm32cube.ide.mcu.externaltools.gnu-tools-for-stm32.7-2018-q2-update.win32_1.4.0.202007081208/tools/bin/../lib/gcc/arm-none-eabi/7.3.1/thumb/v6-m/crti.o
                0x0000000008001b2c                _fini
 .fini          0x0000000008001b30        0x8 c:/st/stm32cubeide_1.4.0/stm32cubeide/plugins/com.st.stm32cube.ide.mcu.externaltools.gnu-tools-for-stm32.7-2018-q2-update.win32_1.4.0.202007081208/tools/bin/../lib/gcc/arm-none-eabi/7.3.1/thumb/v6-m/crtn.o
                0x0000000008001b38                . = ALIGN (0x4)
                0x0000000008001b38                _etext = .

.vfp11_veneer   0x0000000008001b38        0x0
 .vfp11_veneer  0x0000000008001b38        0x0 linker stubs

.v4_bx          0x0000000008001b38        0x0
 .v4_bx         0x0000000008001b38        0x0 linker stubs

.iplt           0x0000000008001b38        0x0
 .iplt          0x0000000008001b38        0x0 c:/st/stm32cubeide_1.4.0/stm32cubeide/plugins/com.st.stm32cube.ide.mcu.externaltools.gnu-tools-for-stm32.7-2018-q2-update.win32_1.4.0.202007081208/tools/bin/../lib/gcc/arm-none-eabi/7.3.1/thumb/v6-m/crtbegin.o

.rodata         0x0000000008001b38       0xa8
                0x0000000008001b38                . = ALIGN (0x4)
 *(.rodata)
 .rodata        0x0000000008001b38       0x20 Drivers/STM32F0xx_HAL_Driver/Src/stm32f0xx_hal_rcc.o
 *(.rodata*)
 .rodata.reg_value.5326
                0x0000000008001b58       0x78 Core/Src/sct.o
 .rodata.AHBPrescTable
                0x0000000008001bd0       0x10 Core/Src/system_stm32f0xx.o
                0x0000000008001bd0                AHBPrescTable
                0x0000000008001be0                . = ALIGN (0x4)

.rel.dyn        0x0000000008001be0        0x0
 .rel.iplt      0x0000000008001be0        0x0 c:/st/stm32cubeide_1.4.0/stm32cubeide/plugins/com.st.stm32cube.ide.mcu.externaltools.gnu-tools-for-stm32.7-2018-q2-update.win32_1.4.0.202007081208/tools/bin/../lib/gcc/arm-none-eabi/7.3.1/thumb/v6-m/crtbegin.o

.ARM.extab      0x0000000008001be0        0x0
                0x0000000008001be0                . = ALIGN (0x4)
 *(.ARM.extab* .gnu.linkonce.armextab.*)
                0x0000000008001be0                . = ALIGN (0x4)

.ARM            0x0000000008001be0        0x0
                0x0000000008001be0                . = ALIGN (0x4)
                0x0000000008001be0                __exidx_start = .
 *(.ARM.exidx*)
                0x0000000008001be0                __exidx_end = .
                0x0000000008001be0                . = ALIGN (0x4)

.preinit_array  0x0000000008001be0        0x0
                0x0000000008001be0                . = ALIGN (0x4)
                0x0000000008001be0                PROVIDE (__preinit_array_start = .)
 *(.preinit_array*)
                0x0000000008001be0                PROVIDE (__preinit_array_end = .)
                0x0000000008001be0                . = ALIGN (0x4)

.init_array     0x0000000008001be0        0x4
                0x0000000008001be0                . = ALIGN (0x4)
                0x0000000008001be0                PROVIDE (__init_array_start = .)
 *(SORT_BY_NAME(.init_array.*))
 *(.init_array*)
 .init_array    0x0000000008001be0        0x4 c:/st/stm32cubeide_1.4.0/stm32cubeide/plugins/com.st.stm32cube.ide.mcu.externaltools.gnu-tools-for-stm32.7-2018-q2-update.win32_1.4.0.202007081208/tools/bin/../lib/gcc/arm-none-eabi/7.3.1/thumb/v6-m/crtbegin.o
                0x0000000008001be4                PROVIDE (__init_array_end = .)
                0x0000000008001be4                . = ALIGN (0x4)

.fini_array     0x0000000008001be4        0x4
                0x0000000008001be4                . = ALIGN (0x4)
                [!provide]                        PROVIDE (__fini_array_start = .)
 *(SORT_BY_NAME(.fini_array.*))
 *(.fini_array*)
 .fini_array    0x0000000008001be4        0x4 c:/st/stm32cubeide_1.4.0/stm32cubeide/plugins/com.st.stm32cube.ide.mcu.externaltools.gnu-tools-for-stm32.7-2018-q2-update.win32_1.4.0.202007081208/tools/bin/../lib/gcc/arm-none-eabi/7.3.1/thumb/v6-m/crtbegin.o
                [!provide]                        PROVIDE (__fini_array_end = .)
                0x0000000008001be8                . = ALIGN (0x4)
                0x0000000008001be8                _sidata = LOADADDR (.data)

.data           0x0000000020000000        0xc load address 0x0000000008001be8
                0x0000000020000000                . = ALIGN (0x4)
                0x0000000020000000                _sdata = .
 *(.data)
 *(.data*)
 .data.SystemCoreClock
                0x0000000020000000        0x4 Core/Src/system_stm32f0xx.o
                0x0000000020000000                SystemCoreClock
 .data.uwTickPrio
                0x0000000020000004        0x4 Drivers/STM32F0xx_HAL_Driver/Src/stm32f0xx_hal.o
                0x0000000020000004                uwTickPrio
 .data.uwTickFreq
                0x0000000020000008        0x1 Drivers/STM32F0xx_HAL_Driver/Src/stm32f0xx_hal.o
                0x0000000020000008                uwTickFreq
                0x000000002000000c                . = ALIGN (0x4)
 *fill*         0x0000000020000009        0x3 
                0x000000002000000c                _edata = .

.igot.plt       0x000000002000000c        0x0 load address 0x0000000008001bf4
 .igot.plt      0x000000002000000c        0x0 c:/st/stm32cubeide_1.4.0/stm32cubeide/plugins/com.st.stm32cube.ide.mcu.externaltools.gnu-tools-for-stm32.7-2018-q2-update.win32_1.4.0.202007081208/tools/bin/../lib/gcc/arm-none-eabi/7.3.1/thumb/v6-m/crtbegin.o
                0x000000002000000c                . = ALIGN (0x4)

.bss            0x000000002000000c       0x20 load address 0x0000000008001bf4
                0x000000002000000c                _sbss = .
                0x000000002000000c                __bss_start__ = _sbss
 *(.bss)
 .bss           0x000000002000000c       0x1c c:/st/stm32cubeide_1.4.0/stm32cubeide/plugins/com.st.stm32cube.ide.mcu.externaltools.gnu-tools-for-stm32.7-2018-q2-update.win32_1.4.0.202007081208/tools/bin/../lib/gcc/arm-none-eabi/7.3.1/thumb/v6-m/crtbegin.o
 *(.bss*)
 *(COMMON)
 COMMON         0x0000000020000028        0x4 Drivers/STM32F0xx_HAL_Driver/Src/stm32f0xx_hal.o
                0x0000000020000028                uwTick
                0x000000002000002c                . = ALIGN (0x4)
                0x000000002000002c                _ebss = .
                0x000000002000002c                __bss_end__ = _ebss

._user_heap_stack
                0x000000002000002c      0x604 load address 0x0000000008001bf4
                0x0000000020000030                . = ALIGN (0x8)
 *fill*         0x000000002000002c        0x4 
                [!provide]                        PROVIDE (end = .)
                0x0000000020000030                PROVIDE (_end = .)
                0x0000000020000230                . = (. + _Min_Heap_Size)
 *fill*         0x0000000020000030      0x200 
                0x0000000020000630                . = (. + _Min_Stack_Size)
 *fill*         0x0000000020000230      0x400 
                0x0000000020000630                . = ALIGN (0x8)

/DISCARD/
 libc.a(*)
 libm.a(*)
 libgcc.a(*)

.ARM.attributes
                0x0000000000000000       0x28
 *(.ARM.attributes)
 .ARM.attributes
                0x0000000000000000       0x1e c:/st/stm32cubeide_1.4.0/stm32cubeide/plugins/com.st.stm32cube.ide.mcu.externaltools.gnu-tools-for-stm32.7-2018-q2-update.win32_1.4.0.202007081208/tools/bin/../lib/gcc/arm-none-eabi/7.3.1/thumb/v6-m/crti.o
 .ARM.attributes
                0x000000000000001e       0x2c c:/st/stm32cubeide_1.4.0/stm32cubeide/plugins/com.st.stm32cube.ide.mcu.externaltools.gnu-tools-for-stm32.7-2018-q2-update.win32_1.4.0.202007081208/tools/bin/../lib/gcc/arm-none-eabi/7.3.1/thumb/v6-m/crtbegin.o
 .ARM.attributes
                0x000000000000004a       0x31 Core/Src/1wire.o
 .ARM.attributes
                0x000000000000007b       0x31 Core/Src/main.o
 .ARM.attributes
                0x00000000000000ac       0x31 Core/Src/sct.o
 .ARM.attributes
                0x00000000000000dd       0x31 Core/Src/stm32f0xx_hal_msp.o
 .ARM.attributes
                0x000000000000010e       0x31 Core/Src/stm32f0xx_it.o
 .ARM.attributes
                0x000000000000013f       0x31 Core/Src/system_stm32f0xx.o
 .ARM.attributes
                0x0000000000000170       0x21 Core/Startup/startup_stm32f030r8tx.o
 .ARM.attributes
                0x0000000000000191       0x31 Drivers/STM32F0xx_HAL_Driver/Src/stm32f0xx_hal.o
 .ARM.attributes
                0x00000000000001c2       0x31 Drivers/STM32F0xx_HAL_Driver/Src/stm32f0xx_hal_cortex.o
 .ARM.attributes
                0x00000000000001f3       0x31 Drivers/STM32F0xx_HAL_Driver/Src/stm32f0xx_hal_gpio.o
 .ARM.attributes
                0x0000000000000224       0x31 Drivers/STM32F0xx_HAL_Driver/Src/stm32f0xx_hal_rcc.o
 .ARM.attributes
                0x0000000000000255       0x2c c:/st/stm32cubeide_1.4.0/stm32cubeide/plugins/com.st.stm32cube.ide.mcu.externaltools.gnu-tools-for-stm32.7-2018-q2-update.win32_1.4.0.202007081208/tools/bin/../lib/gcc/arm-none-eabi/7.3.1/../../../../arm-none-eabi/lib/thumb/v6-m\libc_nano.a(lib_a-init.o)
 .ARM.attributes
                0x0000000000000281       0x2c c:/st/stm32cubeide_1.4.0/stm32cubeide/plugins/com.st.stm32cube.ide.mcu.externaltools.gnu-tools-for-stm32.7-2018-q2-update.win32_1.4.0.202007081208/tools/bin/../lib/gcc/arm-none-eabi/7.3.1/../../../../arm-none-eabi/lib/thumb/v6-m\libc_nano.a(lib_a-memset.o)
 .ARM.attributes
                0x00000000000002ad       0x1e c:/st/stm32cubeide_1.4.0/stm32cubeide/plugins/com.st.stm32cube.ide.mcu.externaltools.gnu-tools-for-stm32.7-2018-q2-update.win32_1.4.0.202007081208/tools/bin/../lib/gcc/arm-none-eabi/7.3.1/thumb/v6-m\libgcc.a(_udivsi3.o)
 .ARM.attributes
                0x00000000000002cb       0x1e c:/st/stm32cubeide_1.4.0/stm32cubeide/plugins/com.st.stm32cube.ide.mcu.externaltools.gnu-tools-for-stm32.7-2018-q2-update.win32_1.4.0.202007081208/tools/bin/../lib/gcc/arm-none-eabi/7.3.1/thumb/v6-m\libgcc.a(_divsi3.o)
 .ARM.attributes
                0x00000000000002e9       0x1e c:/st/stm32cubeide_1.4.0/stm32cubeide/plugins/com.st.stm32cube.ide.mcu.externaltools.gnu-tools-for-stm32.7-2018-q2-update.win32_1.4.0.202007081208/tools/bin/../lib/gcc/arm-none-eabi/7.3.1/thumb/v6-m\libgcc.a(_dvmd_tls.o)
 .ARM.attributes
                0x0000000000000307       0x1e c:/st/stm32cubeide_1.4.0/stm32cubeide/plugins/com.st.stm32cube.ide.mcu.externaltools.gnu-tools-for-stm32.7-2018-q2-update.win32_1.4.0.202007081208/tools/bin/../lib/gcc/arm-none-eabi/7.3.1/thumb/v6-m/crtn.o
OUTPUT(cv06.elf elf32-littlearm)

.debug_info     0x0000000000000000     0x3a1d
 .debug_info    0x0000000000000000      0xe18 Core/Src/1wire.o
 .debug_info    0x0000000000000e18      0x567 Core/Src/main.o
 .debug_info    0x000000000000137f      0x379 Core/Src/sct.o
 .debug_info    0x00000000000016f8      0x25e Core/Src/stm32f0xx_hal_msp.o
 .debug_info    0x0000000000001956      0x1a2 Core/Src/stm32f0xx_it.o
 .debug_info    0x0000000000001af8      0x29e Core/Src/system_stm32f0xx.o
 .debug_info    0x0000000000001d96       0x22 Core/Startup/startup_stm32f030r8tx.o
 .debug_info    0x0000000000001db8      0x685 Drivers/STM32F0xx_HAL_Driver/Src/stm32f0xx_hal.o
 .debug_info    0x000000000000243d      0x762 Drivers/STM32F0xx_HAL_Driver/Src/stm32f0xx_hal_cortex.o
 .debug_info    0x0000000000002b9f      0x674 Drivers/STM32F0xx_HAL_Driver/Src/stm32f0xx_hal_gpio.o
 .debug_info    0x0000000000003213      0x80a Drivers/STM32F0xx_HAL_Driver/Src/stm32f0xx_hal_rcc.o

.debug_abbrev   0x0000000000000000     0x10e4
 .debug_abbrev  0x0000000000000000      0x2ab Core/Src/1wire.o
 .debug_abbrev  0x00000000000002ab      0x180 Core/Src/main.o
 .debug_abbrev  0x000000000000042b      0x179 Core/Src/sct.o
 .debug_abbrev  0x00000000000005a4      0x109 Core/Src/stm32f0xx_hal_msp.o
 .debug_abbrev  0x00000000000006ad       0xc6 Core/Src/stm32f0xx_it.o
 .debug_abbrev  0x0000000000000773      0x12b Core/Src/system_stm32f0xx.o
 .debug_abbrev  0x000000000000089e       0x12 Core/Startup/startup_stm32f030r8tx.o
 .debug_abbrev  0x00000000000008b0      0x1f2 Drivers/STM32F0xx_HAL_Driver/Src/stm32f0xx_hal.o
 .debug_abbrev  0x0000000000000aa2      0x273 Drivers/STM32F0xx_HAL_Driver/Src/stm32f0xx_hal_cortex.o
 .debug_abbrev  0x0000000000000d15      0x1c0 Drivers/STM32F0xx_HAL_Driver/Src/stm32f0xx_hal_gpio.o
 .debug_abbrev  0x0000000000000ed5      0x20f Drivers/STM32F0xx_HAL_Driver/Src/stm32f0xx_hal_rcc.o

.debug_aranges  0x0000000000000000      0x3f0
 .debug_aranges
                0x0000000000000000       0x70 Core/Src/1wire.o
 .debug_aranges
                0x0000000000000070       0x38 Core/Src/main.o
 .debug_aranges
                0x00000000000000a8       0x30 Core/Src/sct.o
 .debug_aranges
                0x00000000000000d8       0x20 Core/Src/stm32f0xx_hal_msp.o
 .debug_aranges
                0x00000000000000f8       0x40 Core/Src/stm32f0xx_it.o
 .debug_aranges
                0x0000000000000138       0x28 Core/Src/system_stm32f0xx.o
 .debug_aranges
                0x0000000000000160       0x28 Core/Startup/startup_stm32f030r8tx.o
 .debug_aranges
                0x0000000000000188       0xd0 Drivers/STM32F0xx_HAL_Driver/Src/stm32f0xx_hal.o
 .debug_aranges
                0x0000000000000258       0xc0 Drivers/STM32F0xx_HAL_Driver/Src/stm32f0xx_hal_cortex.o
 .debug_aranges
                0x0000000000000318       0x58 Drivers/STM32F0xx_HAL_Driver/Src/stm32f0xx_hal_gpio.o
 .debug_aranges
                0x0000000000000370       0x80 Drivers/STM32F0xx_HAL_Driver/Src/stm32f0xx_hal_rcc.o

.debug_ranges   0x0000000000000000      0x348
 .debug_ranges  0x0000000000000000       0x60 Core/Src/1wire.o
 .debug_ranges  0x0000000000000060       0x28 Core/Src/main.o
 .debug_ranges  0x0000000000000088       0x20 Core/Src/sct.o
 .debug_ranges  0x00000000000000a8       0x10 Core/Src/stm32f0xx_hal_msp.o
 .debug_ranges  0x00000000000000b8       0x30 Core/Src/stm32f0xx_it.o
 .debug_ranges  0x00000000000000e8       0x18 Core/Src/system_stm32f0xx.o
 .debug_ranges  0x0000000000000100       0x20 Core/Startup/startup_stm32f030r8tx.o
 .debug_ranges  0x0000000000000120       0xc0 Drivers/STM32F0xx_HAL_Driver/Src/stm32f0xx_hal.o
 .debug_ranges  0x00000000000001e0       0xb0 Drivers/STM32F0xx_HAL_Driver/Src/stm32f0xx_hal_cortex.o
 .debug_ranges  0x0000000000000290       0x48 Drivers/STM32F0xx_HAL_Driver/Src/stm32f0xx_hal_gpio.o
 .debug_ranges  0x00000000000002d8       0x70 Drivers/STM32F0xx_HAL_Driver/Src/stm32f0xx_hal_rcc.o

.debug_macro    0x0000000000000000     0xbe3e
 .debug_macro   0x0000000000000000      0x2fe Core/Src/1wire.o
 .debug_macro   0x00000000000002fe      0xa48 Core/Src/1wire.o
 .debug_macro   0x0000000000000d46       0x22 Core/Src/1wire.o
 .debug_macro   0x0000000000000d68       0x40 Core/Src/1wire.o
 .debug_macro   0x0000000000000da8       0x18 Core/Src/1wire.o
 .debug_macro   0x0000000000000dc0       0x94 Core/Src/1wire.o
 .debug_macro   0x0000000000000e54       0x3c Core/Src/1wire.o
 .debug_macro   0x0000000000000e90       0x34 Core/Src/1wire.o
 .debug_macro   0x0000000000000ec4       0x16 Core/Src/1wire.o
 .debug_macro   0x0000000000000eda       0x57 Core/Src/1wire.o
 .debug_macro   0x0000000000000f31       0x97 Core/Src/1wire.o
 .debug_macro   0x0000000000000fc8      0x330 Core/Src/1wire.o
 .debug_macro   0x00000000000012f8       0xfd Core/Src/1wire.o
 .debug_macro   0x00000000000013f5       0x10 Core/Src/1wire.o
 .debug_macro   0x0000000000001405       0x52 Core/Src/1wire.o
 .debug_macro   0x0000000000001457       0x1f Core/Src/1wire.o
 .debug_macro   0x0000000000001476       0x43 Core/Src/1wire.o
 .debug_macro   0x00000000000014b9       0x20 Core/Src/1wire.o
 .debug_macro   0x00000000000014d9      0x1a3 Core/Src/1wire.o
 .debug_macro   0x000000000000167c       0x10 Core/Src/1wire.o
 .debug_macro   0x000000000000168c       0x6a Core/Src/1wire.o
 .debug_macro   0x00000000000016f6       0x1c Core/Src/1wire.o
 .debug_macro   0x0000000000001712       0x52 Core/Src/1wire.o
 .debug_macro   0x0000000000001764       0x40 Core/Src/1wire.o
 .debug_macro   0x00000000000017a4       0x10 Core/Src/1wire.o
 .debug_macro   0x00000000000017b4       0x40 Core/Src/1wire.o
 .debug_macro   0x00000000000017f4       0xd7 Core/Src/1wire.o
 .debug_macro   0x00000000000018cb       0x1c Core/Src/1wire.o
 .debug_macro   0x00000000000018e7       0x3d Core/Src/1wire.o
 .debug_macro   0x0000000000001924       0x16 Core/Src/1wire.o
 .debug_macro   0x000000000000193a      0x145 Core/Src/1wire.o
 .debug_macro   0x0000000000001a7f       0xef Core/Src/1wire.o
 .debug_macro   0x0000000000001b6e      0x1df Core/Src/1wire.o
 .debug_macro   0x0000000000001d4d      0x127 Core/Src/1wire.o
 .debug_macro   0x0000000000001e74       0x2e Core/Src/1wire.o
 .debug_macro   0x0000000000001ea2       0x22 Core/Src/1wire.o
 .debug_macro   0x0000000000001ec4       0x1c Core/Src/1wire.o
 .debug_macro   0x0000000000001ee0       0x22 Core/Src/1wire.o
 .debug_macro   0x0000000000001f02       0xaf Core/Src/1wire.o
 .debug_macro   0x0000000000001fb1      0x391 Core/Src/1wire.o
 .debug_macro   0x0000000000002342     0x6f39 Core/Src/1wire.o
 .debug_macro   0x000000000000927b       0x3c Core/Src/1wire.o
 .debug_macro   0x00000000000092b7       0x4e Core/Src/1wire.o
 .debug_macro   0x0000000000009305      0x924 Core/Src/1wire.o
 .debug_macro   0x0000000000009c29      0x17f Core/Src/1wire.o
 .debug_macro   0x0000000000009da8      0x12f Core/Src/1wire.o
 .debug_macro   0x0000000000009ed7       0xd9 Core/Src/1wire.o
 .debug_macro   0x0000000000009fb0      0x1a0 Core/Src/1wire.o
 .debug_macro   0x000000000000a150      0x1ed Core/Src/1wire.o
 .debug_macro   0x000000000000a33d       0x34 Core/Src/1wire.o
 .debug_macro   0x000000000000a371       0x43 Core/Src/1wire.o
 .debug_macro   0x000000000000a3b4       0x28 Core/Src/1wire.o
 .debug_macro   0x000000000000a3dc       0xb0 Core/Src/1wire.o
 .debug_macro   0x000000000000a48c      0x199 Core/Src/1wire.o
 .debug_macro   0x000000000000a625      0x22c Core/Src/1wire.o
 .debug_macro   0x000000000000a851       0x60 Core/Src/1wire.o
 .debug_macro   0x000000000000a8b1       0xa5 Core/Src/1wire.o
 .debug_macro   0x000000000000a956       0x4c Core/Src/1wire.o
 .debug_macro   0x000000000000a9a2       0x2b Core/Src/1wire.o
 .debug_macro   0x000000000000a9cd       0xff Core/Src/1wire.o
 .debug_macro   0x000000000000aacc       0x70 Core/Src/1wire.o
 .debug_macro   0x000000000000ab3c       0xb2 Core/Src/1wire.o
 .debug_macro   0x000000000000abee      0x1bc Core/Src/main.o
 .debug_macro   0x000000000000adaa       0x8e Core/Src/main.o
 .debug_macro   0x000000000000ae38       0x51 Core/Src/main.o
 .debug_macro   0x000000000000ae89       0xb5 Core/Src/main.o
 .debug_macro   0x000000000000af3e      0x174 Core/Src/main.o
 .debug_macro   0x000000000000b0b2       0x54 Core/Src/main.o
 .debug_macro   0x000000000000b106      0x1b2 Core/Src/sct.o
 .debug_macro   0x000000000000b2b8      0x19f Core/Src/stm32f0xx_hal_msp.o
 .debug_macro   0x000000000000b457      0x1a9 Core/Src/stm32f0xx_it.o
 .debug_macro   0x000000000000b600      0x190 Core/Src/system_stm32f0xx.o
 .debug_macro   0x000000000000b790      0x1b4 Drivers/STM32F0xx_HAL_Driver/Src/stm32f0xx_hal.o
 .debug_macro   0x000000000000b944      0x190 Drivers/STM32F0xx_HAL_Driver/Src/stm32f0xx_hal_cortex.o
 .debug_macro   0x000000000000bad4      0x1c8 Drivers/STM32F0xx_HAL_Driver/Src/stm32f0xx_hal_gpio.o
 .debug_macro   0x000000000000bc9c      0x1a2 Drivers/STM32F0xx_HAL_Driver/Src/stm32f0xx_hal_rcc.o

.debug_line     0x0000000000000000     0x4b4f
 .debug_line    0x0000000000000000      0xa35 Core/Src/1wire.o
 .debug_line    0x0000000000000a35      0x6b9 Core/Src/main.o
 .debug_line    0x00000000000010ee      0x66e Core/Src/sct.o
 .debug_line    0x000000000000175c      0x638 Core/Src/stm32f0xx_hal_msp.o
 .debug_line    0x0000000000001d94      0x68c Core/Src/stm32f0xx_it.o
 .debug_line    0x0000000000002420      0x652 Core/Src/system_stm32f0xx.o
 .debug_line    0x0000000000002a72       0x89 Core/Startup/startup_stm32f030r8tx.o
 .debug_line    0x0000000000002afb      0x7ee Drivers/STM32F0xx_HAL_Driver/Src/stm32f0xx_hal.o
 .debug_line    0x00000000000032e9      0x806 Drivers/STM32F0xx_HAL_Driver/Src/stm32f0xx_hal_cortex.o
 .debug_line    0x0000000000003aef      0x7b1 Drivers/STM32F0xx_HAL_Driver/Src/stm32f0xx_hal_gpio.o
 .debug_line    0x00000000000042a0      0x8af Drivers/STM32F0xx_HAL_Driver/Src/stm32f0xx_hal_rcc.o

.debug_str      0x0000000000000000    0x40932
 .debug_str     0x0000000000000000    0x3f8cd Core/Src/1wire.o
                                      0x3fb3e (size before relaxing)
 .debug_str     0x000000000003f8cd      0x253 Core/Src/main.o
                                      0x3bbf0 (size before relaxing)
 .debug_str     0x000000000003fb20      0x195 Core/Src/sct.o
                                      0x3b763 (size before relaxing)
 .debug_str     0x000000000003fcb5       0x2c Core/Src/stm32f0xx_hal_msp.o
                                      0x3b736 (size before relaxing)
 .debug_str     0x000000000003fce1       0x76 Core/Src/stm32f0xx_it.o
                                      0x3b726 (size before relaxing)
 .debug_str     0x000000000003fd57       0x5f Core/Src/system_stm32f0xx.o
                                      0x3b5d9 (size before relaxing)
 .debug_str     0x000000000003fdb6       0x36 Core/Startup/startup_stm32f030r8tx.o
                                         0x88 (size before relaxing)
 .debug_str     0x000000000003fdec      0x4bf Drivers/STM32F0xx_HAL_Driver/Src/stm32f0xx_hal.o
                                      0x3bae1 (size before relaxing)
 .debug_str     0x00000000000402ab      0x220 Drivers/STM32F0xx_HAL_Driver/Src/stm32f0xx_hal_cortex.o
                                      0x3b999 (size before relaxing)
 .debug_str     0x00000000000404cb      0x213 Drivers/STM32F0xx_HAL_Driver/Src/stm32f0xx_hal_gpio.o
                                      0x3b875 (size before relaxing)
 .debug_str     0x00000000000406de      0x254 Drivers/STM32F0xx_HAL_Driver/Src/stm32f0xx_hal_rcc.o
                                      0x3b9e3 (size before relaxing)

.comment        0x0000000000000000       0x7b
 .comment       0x0000000000000000       0x7b Core/Src/1wire.o
                                         0x7c (size before relaxing)
 .comment       0x000000000000007b       0x7c Core/Src/main.o
 .comment       0x000000000000007b       0x7c Core/Src/sct.o
 .comment       0x000000000000007b       0x7c Core/Src/stm32f0xx_hal_msp.o
 .comment       0x000000000000007b       0x7c Core/Src/stm32f0xx_it.o
 .comment       0x000000000000007b       0x7c Core/Src/system_stm32f0xx.o
 .comment       0x000000000000007b       0x7c Drivers/STM32F0xx_HAL_Driver/Src/stm32f0xx_hal.o
 .comment       0x000000000000007b       0x7c Drivers/STM32F0xx_HAL_Driver/Src/stm32f0xx_hal_cortex.o
 .comment       0x000000000000007b       0x7c Drivers/STM32F0xx_HAL_Driver/Src/stm32f0xx_hal_gpio.o
 .comment       0x000000000000007b       0x7c Drivers/STM32F0xx_HAL_Driver/Src/stm32f0xx_hal_rcc.o

.debug_frame    0x0000000000000000      0xbf8
 .debug_frame   0x0000000000000000      0x170 Core/Src/1wire.o
 .debug_frame   0x0000000000000170       0x8c Core/Src/main.o
 .debug_frame   0x00000000000001fc       0x6c Core/Src/sct.o
 .debug_frame   0x0000000000000268       0x30 Core/Src/stm32f0xx_hal_msp.o
 .debug_frame   0x0000000000000298       0x9c Core/Src/stm32f0xx_it.o
 .debug_frame   0x0000000000000334       0x4c Core/Src/system_stm32f0xx.o
 .debug_frame   0x0000000000000380      0x2a4 Drivers/STM32F0xx_HAL_Driver/Src/stm32f0xx_hal.o
 .debug_frame   0x0000000000000624      0x2a0 Drivers/STM32F0xx_HAL_Driver/Src/stm32f0xx_hal_cortex.o
 .debug_frame   0x00000000000008c4      0x110 Drivers/STM32F0xx_HAL_Driver/Src/stm32f0xx_hal_gpio.o
 .debug_frame   0x00000000000009d4      0x198 Drivers/STM32F0xx_HAL_Driver/Src/stm32f0xx_hal_rcc.o
 .debug_frame   0x0000000000000b6c       0x2c c:/st/stm32cubeide_1.4.0/stm32cubeide/plugins/com.st.stm32cube.ide.mcu.externaltools.gnu-tools-for-stm32.7-2018-q2-update.win32_1.4.0.202007081208/tools/bin/../lib/gcc/arm-none-eabi/7.3.1/../../../../arm-none-eabi/lib/thumb/v6-m\libc_nano.a(lib_a-init.o)
 .debug_frame   0x0000000000000b98       0x20 c:/st/stm32cubeide_1.4.0/stm32cubeide/plugins/com.st.stm32cube.ide.mcu.externaltools.gnu-tools-for-stm32.7-2018-q2-update.win32_1.4.0.202007081208/tools/bin/../lib/gcc/arm-none-eabi/7.3.1/../../../../arm-none-eabi/lib/thumb/v6-m\libc_nano.a(lib_a-memset.o)
 .debug_frame   0x0000000000000bb8       0x20 c:/st/stm32cubeide_1.4.0/stm32cubeide/plugins/com.st.stm32cube.ide.mcu.externaltools.gnu-tools-for-stm32.7-2018-q2-update.win32_1.4.0.202007081208/tools/bin/../lib/gcc/arm-none-eabi/7.3.1/thumb/v6-m\libgcc.a(_udivsi3.o)
 .debug_frame   0x0000000000000bd8       0x20 c:/st/stm32cubeide_1.4.0/stm32cubeide/plugins/com.st.stm32cube.ide.mcu.externaltools.gnu-tools-for-stm32.7-2018-q2-update.win32_1.4.0.202007081208/tools/bin/../lib/gcc/arm-none-eabi/7.3.1/thumb/v6-m\libgcc.a(_divsi3.o)
