Archive member included to satisfy reference by file (symbol)

c:/st/stm32cubeide_1.4.0/stm32cubeide/plugins/com.st.stm32cube.ide.mcu.externaltools.gnu-tools-for-stm32.7-2018-q2-update.win32_1.4.0.202007081208/tools/bin/../lib/gcc/arm-none-eabi/7.3.1/../../../../arm-none-eabi/lib/thumb/v6-m\libc_nano.a(lib_a-errno.o)
                              Core/Src/syscalls.o (__errno)
c:/st/stm32cubeide_1.4.0/stm32cubeide/plugins/com.st.stm32cube.ide.mcu.externaltools.gnu-tools-for-stm32.7-2018-q2-update.win32_1.4.0.202007081208/tools/bin/../lib/gcc/arm-none-eabi/7.3.1/../../../../arm-none-eabi/lib/thumb/v6-m\libc_nano.a(lib_a-exit.o)
                              c:/st/stm32cubeide_1.4.0/stm32cubeide/plugins/com.st.stm32cube.ide.mcu.externaltools.gnu-tools-for-stm32.7-2018-q2-update.win32_1.4.0.202007081208/tools/bin/../lib/gcc/arm-none-eabi/7.3.1/../../../../arm-none-eabi/lib/thumb/v6-m/crt0.o (exit)
c:/st/stm32cubeide_1.4.0/stm32cubeide/plugins/com.st.stm32cube.ide.mcu.externaltools.gnu-tools-for-stm32.7-2018-q2-update.win32_1.4.0.202007081208/tools/bin/../lib/gcc/arm-none-eabi/7.3.1/../../../../arm-none-eabi/lib/thumb/v6-m\libc_nano.a(lib_a-impure.o)
                              c:/st/stm32cubeide_1.4.0/stm32cubeide/plugins/com.st.stm32cube.ide.mcu.externaltools.gnu-tools-for-stm32.7-2018-q2-update.win32_1.4.0.202007081208/tools/bin/../lib/gcc/arm-none-eabi/7.3.1/../../../../arm-none-eabi/lib/thumb/v6-m\libc_nano.a(lib_a-exit.o) (_global_impure_ptr)
c:/st/stm32cubeide_1.4.0/stm32cubeide/plugins/com.st.stm32cube.ide.mcu.externaltools.gnu-tools-for-stm32.7-2018-q2-update.win32_1.4.0.202007081208/tools/bin/../lib/gcc/arm-none-eabi/7.3.1/../../../../arm-none-eabi/lib/thumb/v6-m\libc_nano.a(lib_a-init.o)
                              c:/st/stm32cubeide_1.4.0/stm32cubeide/plugins/com.st.stm32cube.ide.mcu.externaltools.gnu-tools-for-stm32.7-2018-q2-update.win32_1.4.0.202007081208/tools/bin/../lib/gcc/arm-none-eabi/7.3.1/../../../../arm-none-eabi/lib/thumb/v6-m/crt0.o (__libc_init_array)
c:/st/stm32cubeide_1.4.0/stm32cubeide/plugins/com.st.stm32cube.ide.mcu.externaltools.gnu-tools-for-stm32.7-2018-q2-update.win32_1.4.0.202007081208/tools/bin/../lib/gcc/arm-none-eabi/7.3.1/../../../../arm-none-eabi/lib/thumb/v6-m\libc_nano.a(lib_a-memset.o)
                              c:/st/stm32cubeide_1.4.0/stm32cubeide/plugins/com.st.stm32cube.ide.mcu.externaltools.gnu-tools-for-stm32.7-2018-q2-update.win32_1.4.0.202007081208/tools/bin/../lib/gcc/arm-none-eabi/7.3.1/../../../../arm-none-eabi/lib/thumb/v6-m/crt0.o (memset)
c:/st/stm32cubeide_1.4.0/stm32cubeide/plugins/com.st.stm32cube.ide.mcu.externaltools.gnu-tools-for-stm32.7-2018-q2-update.win32_1.4.0.202007081208/tools/bin/../lib/gcc/arm-none-eabi/7.3.1/thumb/v6-m\libgcc.a(_udivsi3.o)
                              Core/Src/sct.o (__aeabi_uidiv)
c:/st/stm32cubeide_1.4.0/stm32cubeide/plugins/com.st.stm32cube.ide.mcu.externaltools.gnu-tools-for-stm32.7-2018-q2-update.win32_1.4.0.202007081208/tools/bin/../lib/gcc/arm-none-eabi/7.3.1/thumb/v6-m\libgcc.a(_divsi3.o)
                              Core/Src/main.o (__aeabi_idiv)
c:/st/stm32cubeide_1.4.0/stm32cubeide/plugins/com.st.stm32cube.ide.mcu.externaltools.gnu-tools-for-stm32.7-2018-q2-update.win32_1.4.0.202007081208/tools/bin/../lib/gcc/arm-none-eabi/7.3.1/thumb/v6-m\libgcc.a(_dvmd_tls.o)
                              c:/st/stm32cubeide_1.4.0/stm32cubeide/plugins/com.st.stm32cube.ide.mcu.externaltools.gnu-tools-for-stm32.7-2018-q2-update.win32_1.4.0.202007081208/tools/bin/../lib/gcc/arm-none-eabi/7.3.1/thumb/v6-m\libgcc.a(_udivsi3.o) (__aeabi_idiv0)

Allocating common symbols
Common symbol       size              file

uwTick              0x4               Drivers/STM32F0xx_HAL_Driver/Src/stm32f0xx_hal.o
pFlash              0x20              Drivers/STM32F0xx_HAL_Driver/Src/stm32f0xx_hal_flash.o
hadc                0x40              Core/Src/main.o

Discarded input sections

 .text          0x0000000000000000        0x0 c:/st/stm32cubeide_1.4.0/stm32cubeide/plugins/com.st.stm32cube.ide.mcu.externaltools.gnu-tools-for-stm32.7-2018-q2-update.win32_1.4.0.202007081208/tools/bin/../lib/gcc/arm-none-eabi/7.3.1/thumb/v6-m/crti.o
 .data          0x0000000000000000        0x0 c:/st/stm32cubeide_1.4.0/stm32cubeide/plugins/com.st.stm32cube.ide.mcu.externaltools.gnu-tools-for-stm32.7-2018-q2-update.win32_1.4.0.202007081208/tools/bin/../lib/gcc/arm-none-eabi/7.3.1/thumb/v6-m/crti.o
 .bss           0x0000000000000000        0x0 c:/st/stm32cubeide_1.4.0/stm32cubeide/plugins/com.st.stm32cube.ide.mcu.externaltools.gnu-tools-for-stm32.7-2018-q2-update.win32_1.4.0.202007081208/tools/bin/../lib/gcc/arm-none-eabi/7.3.1/thumb/v6-m/crti.o
 .data          0x0000000000000000        0x4 c:/st/stm32cubeide_1.4.0/stm32cubeide/plugins/com.st.stm32cube.ide.mcu.externaltools.gnu-tools-for-stm32.7-2018-q2-update.win32_1.4.0.202007081208/tools/bin/../lib/gcc/arm-none-eabi/7.3.1/thumb/v6-m/crtbegin.o
[...]
Memory Configuration

Name             Origin             Length             Attributes
RAM              0x0000000020000000 0x0000000000002000 xrw
FLASH            0x0000000008000000 0x0000000000010000 xr
*default*        0x0000000000000000 0xffffffffffffffff

Linker script and memory map

LOAD c:/st/stm32cubeide_1.4.0/stm32cubeide/plugins/com.st.stm32cube.ide.mcu.externaltools.gnu-tools-for-stm32.7-2018-q2-update.win32_1.4.0.202007081208/tools/bin/../lib/gcc/arm-none-eabi/7.3.1/thumb/v6-m/crti.o
LOAD c:/st/stm32cubeide_1.4.0/stm32cubeide/plugins/com.st.stm32cube.ide.mcu.externaltools.gnu-tools-for-stm32.7-2018-q2-update.win32_1.4.0.202007081208/tools/bin/../lib/gcc/arm-none-eabi/7.3.1/thumb/v6-m/crtbegin.o
LOAD c:/st/stm32cubeide_1.4.0/stm32cubeide/plugins/com.st.stm32cube.ide.mcu.externaltools.gnu-tools-for-stm32.7-2018-q2-update.win32_1.4.0.202007081208/tools/bin/../lib/gcc/arm-none-eabi/7.3.1/../../../../arm-none-eabi/lib/thumb/v6-m/crt0.o
LOAD Core/Src/1wire.o
LOAD Core/Src/main.o
LOAD Core/Src/sct.o
LOAD Core/Src/stm32f0xx_hal_msp.o
LOAD Core/Src/stm32f0xx_it.o
LOAD Core/Src/syscalls.o
LOAD Core/Src/sysmem.o
LOAD Core/Src/system_stm32f0xx.o
LOAD Core/Startup/startup_stm32f030r8tx.o
LOAD Drivers/STM32F0xx_HAL_Driver/Src/stm32f0xx_hal.o
LOAD Drivers/STM32F0xx_HAL_Driver/Src/stm32f0xx_hal_adc.o
LOAD Drivers/STM32F0xx_HAL_Driver/Src/stm32f0xx_hal_adc_ex.o
LOAD Drivers/STM32F0xx_HAL_Driver/Src/stm32f0xx_hal_cortex.o
LOAD Drivers/STM32F0xx_HAL_Driver/Src/stm32f0xx_hal_dma.o
LOAD Drivers/STM32F0xx_HAL_Driver/Src/stm32f0xx_hal_exti.o
LOAD Drivers/STM32F0xx_HAL_Driver/Src/stm32f0xx_hal_flash.o
LOAD Drivers/STM32F0xx_HAL_Driver/Src/stm32f0xx_hal_flash_ex.o
LOAD Drivers/STM32F0xx_HAL_Driver/Src/stm32f0xx_hal_gpio.o
LOAD Drivers/STM32F0xx_HAL_Driver/Src/stm32f0xx_hal_i2c.o
LOAD Drivers/STM32F0xx_HAL_Driver/Src/stm32f0xx_hal_i2c_ex.o
LOAD Drivers/STM32F0xx_HAL_Driver/Src/stm32f0xx_hal_pwr.o
LOAD Drivers/STM32F0xx_HAL_Driver/Src/stm32f0xx_hal_pwr_ex.o
LOAD Drivers/STM32F0xx_HAL_Driver/Src/stm32f0xx_hal_rcc.o
LOAD Drivers/STM32F0xx_HAL_Driver/Src/stm32f0xx_hal_rcc_ex.o
LOAD Drivers/STM32F0xx_HAL_Driver/Src/stm32f0xx_hal_tim.o
LOAD Drivers/STM32F0xx_HAL_Driver/Src/stm32f0xx_hal_tim_ex.o
START GROUP
LOAD c:/st/stm32cubeide_1.4.0/stm32cubeide/plugins/com.st.stm32cube.ide.mcu.externaltools.gnu-tools-for-stm32.7-2018-q2-update.win32_1.4.0.202007081208/tools/bin/../lib/gcc/arm-none-eabi/7.3.1/../../../../arm-none-eabi/lib/thumb/v6-m\libc_nano.a
LOAD c:/st/stm32cubeide_1.4.0/stm32cubeide/plugins/com.st.stm32cube.ide.mcu.externaltools.gnu-tools-for-stm32.7-2018-q2-update.win32_1.4.0.202007081208/tools/bin/../lib/gcc/arm-none-eabi/7.3.1/../../../../arm-none-eabi/lib/thumb/v6-m\libm.a
END GROUP
START GROUP
LOAD c:/st/stm32cubeide_1.4.0/stm32cubeide/plugins/com.st.stm32cube.ide.mcu.externaltools.gnu-tools-for-stm32.7-2018-q2-update.win32_1.4.0.202007081208/tools/bin/../lib/gcc/arm-none-eabi/7.3.1/thumb/v6-m\libgcc.a
LOAD c:/st/stm32cubeide_1.4.0/stm32cubeide/plugins/com.st.stm32cube.ide.mcu.externaltools.gnu-tools-for-stm32.7-2018-q2-update.win32_1.4.0.202007081208/tools/bin/../lib/gcc/arm-none-eabi/7.3.1/../../../../arm-none-eabi/lib/thumb/v6-m\libc_nano.a
END GROUP
START GROUP
LOAD c:/st/stm32cubeide_1.4.0/stm32cubeide/plugins/com.st.stm32cube.ide.mcu.externaltools.gnu-tools-for-stm32.7-2018-q2-update.win32_1.4.0.202007081208/tools/bin/../lib/gcc/arm-none-eabi/7.3.1/thumb/v6-m\libgcc.a
LOAD c:/st/stm32cubeide_1.4.0/stm32cubeide/plugins/com.st.stm32cube.ide.mcu.externaltools.gnu-tools-for-stm32.7-2018-q2-update.win32_1.4.0.202007081208/tools/bin/../lib/gcc/arm-none-eabi/7.3.1/../../../../arm-none-eabi/lib/thumb/v6-m\libc_nano.a
LOAD c:/st/stm32cubeide_1.4.0/stm32cubeide/plugins/com.st.stm32cube.ide.mcu.externaltools.gnu-tools-for-stm32.7-2018-q2-update.win32_1.4.0.202007081208/tools/bin/../lib/gcc/arm-none-eabi/7.3.1/../../../../arm-none-eabi/lib/thumb/v6-m\libnosys.a
END GROUP
START GROUP
LOAD c:/st/stm32cubeide_1.4.0/stm32cubeide/plugins/com.st.stm32cube.ide.mcu.externaltools.gnu-tools-for-stm32.7-2018-q2-update.win32_1.4.0.202007081208/tools/bin/../lib/gcc/arm-none-eabi/7.3.1/thumb/v6-m\libgcc.a
LOAD c:/st/stm32cubeide_1.4.0/stm32cubeide/plugins/com.st.stm32cube.ide.mcu.externaltools.gnu-tools-for-stm32.7-2018-q2-update.win32_1.4.0.202007081208/tools/bin/../lib/gcc/arm-none-eabi/7.3.1/../../../../arm-none-eabi/lib/thumb/v6-m\libc_nano.a
LOAD c:/st/stm32cubeide_1.4.0/stm32cubeide/plugins/com.st.stm32cube.ide.mcu.externaltools.gnu-tools-for-stm32.7-2018-q2-update.win32_1.4.0.202007081208/tools/bin/../lib/gcc/arm-none-eabi/7.3.1/../../../../arm-none-eabi/lib/thumb/v6-m\libnosys.a
END GROUP
LOAD c:/st/stm32cubeide_1.4.0/stm32cubeide/plugins/com.st.stm32cube.ide.mcu.externaltools.gnu-tools-for-stm32.7-2018-q2-update.win32_1.4.0.202007081208/tools/bin/../lib/gcc/arm-none-eabi/7.3.1/thumb/v6-m/crtend.o
LOAD c:/st/stm32cubeide_1.4.0/stm32cubeide/plugins/com.st.stm32cube.ide.mcu.externaltools.gnu-tools-for-stm32.7-2018-q2-update.win32_1.4.0.202007081208/tools/bin/../lib/gcc/arm-none-eabi/7.3.1/thumb/v6-m/crtn.o
                0x0000000020002000                _estack = (ORIGIN (RAM) + LENGTH (RAM))
                0x0000000000000200                _Min_Heap_Size = 0x200
                0x0000000000000400                _Min_Stack_Size = 0x400

.isr_vector     0x0000000008000000       0xc0
                0x0000000008000000                . = ALIGN (0x4)
 *(.isr_vector)
 .isr_vector    0x0000000008000000       0xc0 Core/Startup/startup_stm32f030r8tx.o
                0x0000000008000000                g_pfnVectors
                0x00000000080000c0                . = ALIGN (0x4)

.text           0x00000000080000c0     0x23e8
                0x00000000080000c0                . = ALIGN (0x4)
 *(.text)
 .text          0x00000000080000c0       0x48 c:/st/stm32cubeide_1.4.0/stm32cubeide/plugins/com.st.stm32cube.ide.mcu.externaltools.gnu-tools-for-stm32.7-2018-q2-update.win32_1.4.0.202007081208/tools/bin/../lib/gcc/arm-none-eabi/7.3.1/thumb/v6-m/crtbegin.o
 .text          0x0000000008000108      0x114 c:/st/stm32cubeide_1.4.0/stm32cubeide/plugins/com.st.stm32cube.ide.mcu.externaltools.gnu-tools-for-stm32.7-2018-q2-update.win32_1.4.0.202007081208/tools/bin/../lib/gcc/arm-none-eabi/7.3.1/thumb/v6-m\libgcc.a(_udivsi3.o)
                0x0000000008000108                __aeabi_uidiv
                0x0000000008000108                __udivsi3
                0x0000000008000214                __aeabi_uidivmod
 .text          0x000000000800021c      0x1d4 c:/st/stm32cubeide_1.4.0/stm32cubeide/plugins/com.st.stm32cube.ide.mcu.externaltools.gnu-tools-for-stm32.7-2018-q2-update.win32_1.4.0.202007081208/tools/bin/../lib/gcc/arm-none-eabi/7.3.1/thumb/v6-m\libgcc.a(_divsi3.o)
                0x000000000800021c                __divsi3
                0x000000000800021c                __aeabi_idiv
                0x00000000080003e8                __aeabi_idivmod
 .text          0x00000000080003f0        0x4 c:/st/stm32cubeide_1.4.0/stm32cubeide/plugins/com.st.stm32cube.ide.mcu.externaltools.gnu-tools-for-stm32.7-2018-q2-update.win32_1.4.0.202007081208/tools/bin/../lib/gcc/arm-none-eabi/7.3.1/thumb/v6-m\libgcc.a(_dvmd_tls.o)
                0x00000000080003f0                __aeabi_idiv0
                0x00000000080003f0                __aeabi_ldiv0
 *(.text*)
 .text.OWInit   0x00000000080003f4       0x18 Core/Src/1wire.o
                0x00000000080003f4                OWInit
 .text.OWReset  0x000000000800040c       0xa4 Core/Src/1wire.o
                0x000000000800040c                OWReset
 .text.OWWriteBit
                0x00000000080004b0       0xc2 Core/Src/1wire.o
                0x00000000080004b0                OWWriteBit
 .text.OWReadBit
                0x0000000008000572       0x9e Core/Src/1wire.o
                0x0000000008000572                OWReadBit
 .text.OWWriteByte
                0x0000000008000610       0x4e Core/Src/1wire.o
                0x0000000008000610                OWWriteByte
 .text.OWReadByte
                0x000000000800065e       0x3e Core/Src/1wire.o
                0x000000000800065e                OWReadByte
 .text.OWSendCmd
                0x000000000800069c       0x68 Core/Src/1wire.o
                0x000000000800069c                OWSendCmd
 .text.OWCRC    0x0000000008000704       0x7a Core/Src/1wire.o
                0x0000000008000704                OWCRC
 .text.OWConvertAll
                0x000000000800077e       0x12 Core/Src/1wire.o
                0x000000000800077e                OWConvertAll
 .text.OWReadTemperature
                0x0000000008000790       0xd0 Core/Src/1wire.o
                0x0000000008000790                OWReadTemperature
 .text.main     0x0000000008000860      0x120 Core/Src/main.o
                0x0000000008000860                main
 .text.SystemClock_Config
                0x0000000008000980       0x8c Core/Src/main.o
                0x0000000008000980                SystemClock_Config
 .text.MX_ADC_Init
                0x0000000008000a0c       0xb4 Core/Src/main.o
 .text.MX_GPIO_Init
                0x0000000008000ac0      0x144 Core/Src/main.o
 .text.Error_Handler
                0x0000000008000c04        0xa Core/Src/main.o
                0x0000000008000c04                Error_Handler
 *fill*         0x0000000008000c0e        0x2 
 .text.sct_led  0x0000000008000c10       0x68 Core/Src/sct.o
                0x0000000008000c10                sct_led
 .text.sct_init
                0x0000000008000c78       0x40 Core/Src/sct.o
                0x0000000008000c78                sct_init
 .text.sct_value
                0x0000000008000cb8       0x9c Core/Src/sct.o
                0x0000000008000cb8                sct_value
 .text.HAL_MspInit
                0x0000000008000d54       0x48 Core/Src/stm32f0xx_hal_msp.o
                0x0000000008000d54                HAL_MspInit
 .text.HAL_ADC_MspInit
                0x0000000008000d9c       0x8c Core/Src/stm32f0xx_hal_msp.o
                0x0000000008000d9c                HAL_ADC_MspInit
 .text.NMI_Handler
                0x0000000008000e28        0xa Core/Src/stm32f0xx_it.o
                0x0000000008000e28                NMI_Handler
 .text.HardFault_Handler
                0x0000000008000e32        0x6 Core/Src/stm32f0xx_it.o
                0x0000000008000e32                HardFault_Handler
 .text.SVC_Handler
                0x0000000008000e38        0xa Core/Src/stm32f0xx_it.o
                0x0000000008000e38                SVC_Handler
 .text.PendSV_Handler
                0x0000000008000e42        0xa Core/Src/stm32f0xx_it.o
                0x0000000008000e42                PendSV_Handler
 .text.SysTick_Handler
                0x0000000008000e4c        0xe Core/Src/stm32f0xx_it.o
                0x0000000008000e4c                SysTick_Handler
 .text.SystemInit
                0x0000000008000e5a        0xa Core/Src/system_stm32f0xx.o
                0x0000000008000e5a                SystemInit
 .text.Reset_Handler
                0x0000000008000e64       0x50 Core/Startup/startup_stm32f030r8tx.o
                0x0000000008000e64                Reset_Handler
 .text.Default_Handler
                0x0000000008000eb4        0x2 Core/Startup/startup_stm32f030r8tx.o
                0x0000000008000eb4                TIM1_CC_IRQHandler
                0x0000000008000eb4                TIM6_IRQHandler
                0x0000000008000eb4                I2C1_IRQHandler
                0x0000000008000eb4                SPI1_IRQHandler
                0x0000000008000eb4                EXTI2_3_IRQHandler
                0x0000000008000eb4                ADC1_IRQHandler
                0x0000000008000eb4                I2C2_IRQHandler
                0x0000000008000eb4                TIM17_IRQHandler
                0x0000000008000eb4                RTC_IRQHandler
                0x0000000008000eb4                TIM16_IRQHandler
                0x0000000008000eb4                TIM3_IRQHandler
                0x0000000008000eb4                EXTI4_15_IRQHandler
                0x0000000008000eb4                RCC_IRQHandler
                0x0000000008000eb4                DMA1_Channel1_IRQHandler
                0x0000000008000eb4                Default_Handler
                0x0000000008000eb4                TIM14_IRQHandler
                0x0000000008000eb4                DMA1_Channel4_5_IRQHandler
                0x0000000008000eb4                TIM15_IRQHandler
                0x0000000008000eb4                EXTI0_1_IRQHandler
                0x0000000008000eb4                SPI2_IRQHandler
                0x0000000008000eb4                WWDG_IRQHandler
                0x0000000008000eb4                DMA1_Channel2_3_IRQHandler
                0x0000000008000eb4                USART2_IRQHandler
                0x0000000008000eb4                FLASH_IRQHandler
                0x0000000008000eb4                USART1_IRQHandler
                0x0000000008000eb4                TIM1_BRK_UP_TRG_COM_IRQHandler
 *fill*         0x0000000008000eb6        0x2 
 .text.HAL_Init
                0x0000000008000eb8       0x28 Drivers/STM32F0xx_HAL_Driver/Src/stm32f0xx_hal.o
                0x0000000008000eb8                HAL_Init
 .text.HAL_InitTick
                0x0000000008000ee0       0x68 Drivers/STM32F0xx_HAL_Driver/Src/stm32f0xx_hal.o
                0x0000000008000ee0                HAL_InitTick
 .text.HAL_IncTick
                0x0000000008000f48       0x24 Drivers/STM32F0xx_HAL_Driver/Src/stm32f0xx_hal.o
                0x0000000008000f48                HAL_IncTick
 .text.HAL_GetTick
                0x0000000008000f6c       0x14 Drivers/STM32F0xx_HAL_Driver/Src/stm32f0xx_hal.o
                0x0000000008000f6c                HAL_GetTick
 .text.HAL_ADC_Init
                0x0000000008000f80      0x280 Drivers/STM32F0xx_HAL_Driver/Src/stm32f0xx_hal_adc.o
                0x0000000008000f80                HAL_ADC_Init
 .text.HAL_ADC_Start
                0x0000000008001200       0xa8 Drivers/STM32F0xx_HAL_Driver/Src/stm32f0xx_hal_adc.o
                0x0000000008001200                HAL_ADC_Start
 .text.HAL_ADC_GetValue
                0x00000000080012a8       0x16 Drivers/STM32F0xx_HAL_Driver/Src/stm32f0xx_hal_adc.o
                0x00000000080012a8                HAL_ADC_GetValue
 *fill*         0x00000000080012be        0x2 
 .text.HAL_ADC_ConfigChannel
                0x00000000080012c0      0x1ec Drivers/STM32F0xx_HAL_Driver/Src/stm32f0xx_hal_adc.o
                0x00000000080012c0                HAL_ADC_ConfigChannel
 .text.ADC_Enable
                0x00000000080014ac       0xf8 Drivers/STM32F0xx_HAL_Driver/Src/stm32f0xx_hal_adc.o
 .text.HAL_ADCEx_Calibration_Start
                0x00000000080015a4      0x13c Drivers/STM32F0xx_HAL_Driver/Src/stm32f0xx_hal_adc_ex.o
                0x00000000080015a4                HAL_ADCEx_Calibration_Start
 .text.__NVIC_SetPriority
                0x00000000080016e0       0xdc Drivers/STM32F0xx_HAL_Driver/Src/stm32f0xx_hal_cortex.o
 .text.SysTick_Config
                0x00000000080017bc       0x48 Drivers/STM32F0xx_HAL_Driver/Src/stm32f0xx_hal_cortex.o
 .text.HAL_NVIC_SetPriority
                0x0000000008001804       0x2a Drivers/STM32F0xx_HAL_Driver/Src/stm32f0xx_hal_cortex.o
                0x0000000008001804                HAL_NVIC_SetPriority
 .text.HAL_SYSTICK_Config
                0x000000000800182e       0x1a Drivers/STM32F0xx_HAL_Driver/Src/stm32f0xx_hal_cortex.o
                0x000000000800182e                HAL_SYSTICK_Config
 .text.HAL_GPIO_Init
                0x0000000008001848      0x2e0 Drivers/STM32F0xx_HAL_Driver/Src/stm32f0xx_hal_gpio.o
                0x0000000008001848                HAL_GPIO_Init
 .text.HAL_GPIO_ReadPin
                0x0000000008001b28       0x3a Drivers/STM32F0xx_HAL_Driver/Src/stm32f0xx_hal_gpio.o
                0x0000000008001b28                HAL_GPIO_ReadPin
 .text.HAL_GPIO_WritePin
                0x0000000008001b62       0x3a Drivers/STM32F0xx_HAL_Driver/Src/stm32f0xx_hal_gpio.o
                0x0000000008001b62                HAL_GPIO_WritePin
 .text.HAL_RCC_OscConfig
                0x0000000008001b9c      0x638 Drivers/STM32F0xx_HAL_Driver/Src/stm32f0xx_hal_rcc.o
                0x0000000008001b9c                HAL_RCC_OscConfig
 .text.HAL_RCC_ClockConfig
                0x00000000080021d4      0x19c Drivers/STM32F0xx_HAL_Driver/Src/stm32f0xx_hal_rcc.o
                0x00000000080021d4                HAL_RCC_ClockConfig
 .text.HAL_RCC_GetSysClockFreq
                0x0000000008002370       0xc8 Drivers/STM32F0xx_HAL_Driver/Src/stm32f0xx_hal_rcc.o
                0x0000000008002370                HAL_RCC_GetSysClockFreq
 .text.__libc_init_array
                0x0000000008002438       0x48 c:/st/stm32cubeide_1.4.0/stm32cubeide/plugins/com.st.stm32cube.ide.mcu.externaltools.gnu-tools-for-stm32.7-2018-q2-update.win32_1.4.0.202007081208/tools/bin/../lib/gcc/arm-none-eabi/7.3.1/../../../../arm-none-eabi/lib/thumb/v6-m\libc_nano.a(lib_a-init.o)
                0x0000000008002438                __libc_init_array
 .text.memset   0x0000000008002480       0x10 c:/st/stm32cubeide_1.4.0/stm32cubeide/plugins/com.st.stm32cube.ide.mcu.externaltools.gnu-tools-for-stm32.7-2018-q2-update.win32_1.4.0.202007081208/tools/bin/../lib/gcc/arm-none-eabi/7.3.1/../../../../arm-none-eabi/lib/thumb/v6-m\libc_nano.a(lib_a-memset.o)
                0x0000000008002480                memset
 *(.glue_7)
 .glue_7        0x0000000008002490        0x0 linker stubs
 *(.glue_7t)
 .glue_7t       0x0000000008002490        0x0 linker stubs
 *(.eh_frame)
 .eh_frame      0x0000000008002490        0x0 c:/st/stm32cubeide_1.4.0/stm32cubeide/plugins/com.st.stm32cube.ide.mcu.externaltools.gnu-tools-for-stm32.7-2018-q2-update.win32_1.4.0.202007081208/tools/bin/../lib/gcc/arm-none-eabi/7.3.1/thumb/v6-m/crtbegin.o
 *(.init)
 .init          0x0000000008002490        0x4 c:/st/stm32cubeide_1.4.0/stm32cubeide/plugins/com.st.stm32cube.ide.mcu.externaltools.gnu-tools-for-stm32.7-2018-q2-update.win32_1.4.0.202007081208/tools/bin/../lib/gcc/arm-none-eabi/7.3.1/thumb/v6-m/crti.o
                0x0000000008002490                _init
 .init          0x0000000008002494        0x8 c:/st/stm32cubeide_1.4.0/stm32cubeide/plugins/com.st.stm32cube.ide.mcu.externaltools.gnu-tools-for-stm32.7-2018-q2-update.win32_1.4.0.202007081208/tools/bin/../lib/gcc/arm-none-eabi/7.3.1/thumb/v6-m/crtn.o
 *(.fini)
 .fini          0x000000000800249c        0x4 c:/st/stm32cubeide_1.4.0/stm32cubeide/plugins/com.st.stm32cube.ide.mcu.externaltools.gnu-tools-for-stm32.7-2018-q2-update.win32_1.4.0.202007081208/tools/bin/../lib/gcc/arm-none-eabi/7.3.1/thumb/v6-m/crti.o
                0x000000000800249c                _fini
 .fini          0x00000000080024a0        0x8 c:/st/stm32cubeide_1.4.0/stm32cubeide/plugins/com.st.stm32cube.ide.mcu.externaltools.gnu-tools-for-stm32.7-2018-q2-update.win32_1.4.0.202007081208/tools/bin/../lib/gcc/arm-none-eabi/7.3.1/thumb/v6-m/crtn.o
                0x00000000080024a8                . = ALIGN (0x4)
                0x00000000080024a8                _etext = .

.vfp11_veneer   0x00000000080024a8        0x0
 .vfp11_veneer  0x00000000080024a8        0x0 linker stubs

.v4_bx          0x00000000080024a8        0x0
 .v4_bx         0x00000000080024a8        0x0 linker stubs

.iplt           0x00000000080024a8        0x0
 .iplt          0x00000000080024a8        0x0 c:/st/stm32cubeide_1.4.0/stm32cubeide/plugins/com.st.stm32cube.ide.mcu.externaltools.gnu-tools-for-stm32.7-2018-q2-update.win32_1.4.0.202007081208/tools/bin/../lib/gcc/arm-none-eabi/7.3.1/thumb/v6-m/crtbegin.o

.rodata         0x00000000080024a8      0x8a8
                0x00000000080024a8                . = ALIGN (0x4)
 *(.rodata)
 .rodata        0x00000000080024a8       0x20 Drivers/STM32F0xx_HAL_Driver/Src/stm32f0xx_hal_rcc.o
 *(.rodata*)
 .rodata.ntc_lookup
                0x00000000080024c8      0x800 Core/Src/main.o
 .rodata.reg_value.5415
                0x0000000008002cc8       0x78 Core/Src/sct.o
 .rodata.AHBPrescTable
                0x0000000008002d40       0x10 Core/Src/system_stm32f0xx.o
                0x0000000008002d40                AHBPrescTable
                0x0000000008002d50                . = ALIGN (0x4)

.rel.dyn        0x0000000008002d50        0x0
 .rel.iplt      0x0000000008002d50        0x0 c:/st/stm32cubeide_1.4.0/stm32cubeide/plugins/com.st.stm32cube.ide.mcu.externaltools.gnu-tools-for-stm32.7-2018-q2-update.win32_1.4.0.202007081208/tools/bin/../lib/gcc/arm-none-eabi/7.3.1/thumb/v6-m/crtbegin.o

.ARM.extab      0x0000000008002d50        0x0
                0x0000000008002d50                . = ALIGN (0x4)
 *(.ARM.extab* .gnu.linkonce.armextab.*)
                0x0000000008002d50                . = ALIGN (0x4)

.ARM            0x0000000008002d50        0x0
                0x0000000008002d50                . = ALIGN (0x4)
                0x0000000008002d50                __exidx_start = .
 *(.ARM.exidx*)
                0x0000000008002d50                __exidx_end = .
                0x0000000008002d50                . = ALIGN (0x4)

.preinit_array  0x0000000008002d50        0x0
                0x0000000008002d50                . = ALIGN (0x4)
                0x0000000008002d50                PROVIDE (__preinit_array_start = .)
 *(.preinit_array*)
                0x0000000008002d50                PROVIDE (__preinit_array_end = .)
                0x0000000008002d50                . = ALIGN (0x4)

.init_array     0x0000000008002d50        0x4
                0x0000000008002d50                . = ALIGN (0x4)
                0x0000000008002d50                PROVIDE (__init_array_start = .)
 *(SORT_BY_NAME(.init_array.*))
 *(.init_array*)
 .init_array    0x0000000008002d50        0x4 c:/st/stm32cubeide_1.4.0/stm32cubeide/plugins/com.st.stm32cube.ide.mcu.externaltools.gnu-tools-for-stm32.7-2018-q2-update.win32_1.4.0.202007081208/tools/bin/../lib/gcc/arm-none-eabi/7.3.1/thumb/v6-m/crtbegin.o
                0x0000000008002d54                PROVIDE (__init_array_end = .)
                0x0000000008002d54                . = ALIGN (0x4)

.fini_array     0x0000000008002d54        0x4
                0x0000000008002d54                . = ALIGN (0x4)
                [!provide]                        PROVIDE (__fini_array_start = .)
 *(SORT_BY_NAME(.fini_array.*))
 *(.fini_array*)
 .fini_array    0x0000000008002d54        0x4 c:/st/stm32cubeide_1.4.0/stm32cubeide/plugins/com.st.stm32cube.ide.mcu.externaltools.gnu-tools-for-stm32.7-2018-q2-update.win32_1.4.0.202007081208/tools/bin/../lib/gcc/arm-none-eabi/7.3.1/thumb/v6-m/crtbegin.o
                [!provide]                        PROVIDE (__fini_array_end = .)
                0x0000000008002d58                . = ALIGN (0x4)
                0x0000000008002d58                _sidata = LOADADDR (.data)

.data           0x0000000020000000        0xc load address 0x0000000008002d58
                0x0000000020000000                . = ALIGN (0x4)
                0x0000000020000000                _sdata = .
 *(.data)
 *(.data*)
 .data.SystemCoreClock
                0x0000000020000000        0x4 Core/Src/system_stm32f0xx.o
                0x0000000020000000                SystemCoreClock
 .data.uwTickPrio
                0x0000000020000004        0x4 Drivers/STM32F0xx_HAL_Driver/Src/stm32f0xx_hal.o
                0x0000000020000004                uwTickPrio
 .data.uwTickFreq
                0x0000000020000008        0x1 Drivers/STM32F0xx_HAL_Driver/Src/stm32f0xx_hal.o
                0x0000000020000008                uwTickFreq
                0x000000002000000c                . = ALIGN (0x4)
 *fill*         0x0000000020000009        0x3 
                0x000000002000000c                _edata = .

.igot.plt       0x000000002000000c        0x0 load address 0x0000000008002d64
 .igot.plt      0x000000002000000c        0x0 c:/st/stm32cubeide_1.4.0/stm32cubeide/plugins/com.st.stm32cube.ide.mcu.externaltools.gnu-tools-for-stm32.7-2018-q2-update.win32_1.4.0.202007081208/tools/bin/../lib/gcc/arm-none-eabi/7.3.1/thumb/v6-m/crtbegin.o
                0x000000002000000c                . = ALIGN (0x4)

.bss            0x000000002000000c       0x68 load address 0x0000000008002d64
                0x000000002000000c                _sbss = .
                0x000000002000000c                __bss_start__ = _sbss
 *(.bss)
 .bss           0x000000002000000c       0x1c c:/st/stm32cubeide_1.4.0/stm32cubeide/plugins/com.st.stm32cube.ide.mcu.externaltools.gnu-tools-for-stm32.7-2018-q2-update.win32_1.4.0.202007081208/tools/bin/../lib/gcc/arm-none-eabi/7.3.1/thumb/v6-m/crtbegin.o
 *(.bss*)
 .bss.delay_prevod.5445
                0x0000000020000028        0x4 Core/Src/main.o
 .bss.delay_tlacitka.5446
                0x000000002000002c        0x4 Core/Src/main.o
 *(COMMON)
 COMMON         0x0000000020000030       0x40 Core/Src/main.o
                0x0000000020000030                hadc
 COMMON         0x0000000020000070        0x4 Drivers/STM32F0xx_HAL_Driver/Src/stm32f0xx_hal.o
                0x0000000020000070                uwTick
                0x0000000020000074                . = ALIGN (0x4)
                0x0000000020000074                _ebss = .
                0x0000000020000074                __bss_end__ = _ebss

._user_heap_stack
                0x0000000020000074      0x604 load address 0x0000000008002d64
                0x0000000020000078                . = ALIGN (0x8)
 *fill*         0x0000000020000074        0x4 
                [!provide]                        PROVIDE (end = .)
                0x0000000020000078                PROVIDE (_end = .)
                0x0000000020000278                . = (. + _Min_Heap_Size)
 *fill*         0x0000000020000078      0x200 
                0x0000000020000678                . = (. + _Min_Stack_Size)
 *fill*         0x0000000020000278      0x400 
                0x0000000020000678                . = ALIGN (0x8)

/DISCARD/
 libc.a(*)
 libm.a(*)
 libgcc.a(*)

.ARM.attributes
                0x0000000000000000       0x28
 *(.ARM.attributes)
 .ARM.attributes
                0x0000000000000000       0x1e c:/st/stm32cubeide_1.4.0/stm32cubeide/plugins/com.st.stm32cube.ide.mcu.externaltools.gnu-tools-for-stm32.7-2018-q2-update.win32_1.4.0.202007081208/tools/bin/../lib/gcc/arm-none-eabi/7.3.1/thumb/v6-m/crti.o
 .ARM.attributes
                0x000000000000001e       0x2c c:/st/stm32cubeide_1.4.0/stm32cubeide/plugins/com.st.stm32cube.ide.mcu.externaltools.gnu-tools-for-stm32.7-2018-q2-update.win32_1.4.0.202007081208/tools/bin/../lib/gcc/arm-none-eabi/7.3.1/thumb/v6-m/crtbegin.o
 .ARM.attributes
                0x000000000000004a       0x31 Core/Src/1wire.o
 .ARM.attributes
                0x000000000000007b       0x31 Core/Src/main.o
 .ARM.attributes
                0x00000000000000ac       0x31 Core/Src/sct.o
 .ARM.attributes
                0x00000000000000dd       0x31 Core/Src/stm32f0xx_hal_msp.o
 .ARM.attributes
                0x000000000000010e       0x31 Core/Src/stm32f0xx_it.o
 .ARM.attributes
                0x000000000000013f       0x31 Core/Src/system_stm32f0xx.o
 .ARM.attributes
                0x0000000000000170       0x21 Core/Startup/startup_stm32f030r8tx.o
 .ARM.attributes
                0x0000000000000191       0x31 Drivers/STM32F0xx_HAL_Driver/Src/stm32f0xx_hal.o
 .ARM.attributes
                0x00000000000001c2       0x31 Drivers/STM32F0xx_HAL_Driver/Src/stm32f0xx_hal_adc.o
 .ARM.attributes
                0x00000000000001f3       0x31 Drivers/STM32F0xx_HAL_Driver/Src/stm32f0xx_hal_adc_ex.o
 .ARM.attributes
                0x0000000000000224       0x31 Drivers/STM32F0xx_HAL_Driver/Src/stm32f0xx_hal_cortex.o
 .ARM.attributes
                0x0000000000000255       0x31 Drivers/STM32F0xx_HAL_Driver/Src/stm32f0xx_hal_gpio.o
 .ARM.attributes
                0x0000000000000286       0x31 Drivers/STM32F0xx_HAL_Driver/Src/stm32f0xx_hal_rcc.o
 .ARM.attributes
                0x00000000000002b7       0x2c c:/st/stm32cubeide_1.4.0/stm32cubeide/plugins/com.st.stm32cube.ide.mcu.externaltools.gnu-tools-for-stm32.7-2018-q2-update.win32_1.4.0.202007081208/tools/bin/../lib/gcc/arm-none-eabi/7.3.1/../../../../arm-none-eabi/lib/thumb/v6-m\libc_nano.a(lib_a-init.o)
 .ARM.attributes
                0x00000000000002e3       0x2c c:/st/stm32cubeide_1.4.0/stm32cubeide/plugins/com.st.stm32cube.ide.mcu.externaltools.gnu-tools-for-stm32.7-2018-q2-update.win32_1.4.0.202007081208/tools/bin/../lib/gcc/arm-none-eabi/7.3.1/../../../../arm-none-eabi/lib/thumb/v6-m\libc_nano.a(lib_a-memset.o)
 .ARM.attributes
                0x000000000000030f       0x1e c:/st/stm32cubeide_1.4.0/stm32cubeide/plugins/com.st.stm32cube.ide.mcu.externaltools.gnu-tools-for-stm32.7-2018-q2-update.win32_1.4.0.202007081208/tools/bin/../lib/gcc/arm-none-eabi/7.3.1/thumb/v6-m\libgcc.a(_udivsi3.o)
 .ARM.attributes
                0x000000000000032d       0x1e c:/st/stm32cubeide_1.4.0/stm32cubeide/plugins/com.st.stm32cube.ide.mcu.externaltools.gnu-tools-for-stm32.7-2018-q2-update.win32_1.4.0.202007081208/tools/bin/../lib/gcc/arm-none-eabi/7.3.1/thumb/v6-m\libgcc.a(_divsi3.o)
 .ARM.attributes
                0x000000000000034b       0x1e c:/st/stm32cubeide_1.4.0/stm32cubeide/plugins/com.st.stm32cube.ide.mcu.externaltools.gnu-tools-for-stm32.7-2018-q2-update.win32_1.4.0.202007081208/tools/bin/../lib/gcc/arm-none-eabi/7.3.1/thumb/v6-m\libgcc.a(_dvmd_tls.o)
 .ARM.attributes
                0x0000000000000369       0x1e c:/st/stm32cubeide_1.4.0/stm32cubeide/plugins/com.st.stm32cube.ide.mcu.externaltools.gnu-tools-for-stm32.7-2018-q2-update.win32_1.4.0.202007081208/tools/bin/../lib/gcc/arm-none-eabi/7.3.1/thumb/v6-m/crtn.o
OUTPUT(cv06.elf elf32-littlearm)

.debug_info     0x0000000000000000     0x5724
 .debug_info    0x0000000000000000      0xe18 Core/Src/1wire.o
 .debug_info    0x0000000000000e18      0xa34 Core/Src/main.o
 .debug_info    0x000000000000184c      0x379 Core/Src/sct.o
 .debug_info    0x0000000000001bc5      0x7ff Core/Src/stm32f0xx_hal_msp.o
 .debug_info    0x00000000000023c4      0x1a2 Core/Src/stm32f0xx_it.o
 .debug_info    0x0000000000002566      0x29e Core/Src/system_stm32f0xx.o
 .debug_info    0x0000000000002804       0x22 Core/Startup/startup_stm32f030r8tx.o
 .debug_info    0x0000000000002826      0x685 Drivers/STM32F0xx_HAL_Driver/Src/stm32f0xx_hal.o
 .debug_info    0x0000000000002eab      0xc9f Drivers/STM32F0xx_HAL_Driver/Src/stm32f0xx_hal_adc.o
 .debug_info    0x0000000000003b4a      0x5fa Drivers/STM32F0xx_HAL_Driver/Src/stm32f0xx_hal_adc_ex.o
 .debug_info    0x0000000000004144      0x762 Drivers/STM32F0xx_HAL_Driver/Src/stm32f0xx_hal_cortex.o
 .debug_info    0x00000000000048a6      0x674 Drivers/STM32F0xx_HAL_Driver/Src/stm32f0xx_hal_gpio.o
 .debug_info    0x0000000000004f1a      0x80a Drivers/STM32F0xx_HAL_Driver/Src/stm32f0xx_hal_rcc.o

.debug_abbrev   0x0000000000000000     0x14c1
 .debug_abbrev  0x0000000000000000      0x2ab Core/Src/1wire.o
 .debug_abbrev  0x00000000000002ab      0x1d8 Core/Src/main.o
 .debug_abbrev  0x0000000000000483      0x179 Core/Src/sct.o
 .debug_abbrev  0x00000000000005fc      0x18c Core/Src/stm32f0xx_hal_msp.o
 .debug_abbrev  0x0000000000000788       0xc6 Core/Src/stm32f0xx_it.o
 .debug_abbrev  0x000000000000084e      0x12b Core/Src/system_stm32f0xx.o
 .debug_abbrev  0x0000000000000979       0x12 Core/Startup/startup_stm32f030r8tx.o
 .debug_abbrev  0x000000000000098b      0x1f2 Drivers/STM32F0xx_HAL_Driver/Src/stm32f0xx_hal.o
 .debug_abbrev  0x0000000000000b7d      0x1cf Drivers/STM32F0xx_HAL_Driver/Src/stm32f0xx_hal_adc.o
 .debug_abbrev  0x0000000000000d4c      0x133 Drivers/STM32F0xx_HAL_Driver/Src/stm32f0xx_hal_adc_ex.o
 .debug_abbrev  0x0000000000000e7f      0x273 Drivers/STM32F0xx_HAL_Driver/Src/stm32f0xx_hal_cortex.o
 .debug_abbrev  0x00000000000010f2      0x1c0 Drivers/STM32F0xx_HAL_Driver/Src/stm32f0xx_hal_gpio.o
 .debug_abbrev  0x00000000000012b2      0x20f Drivers/STM32F0xx_HAL_Driver/Src/stm32f0xx_hal_rcc.o

.debug_aranges  0x0000000000000000      0x520
 .debug_aranges
                0x0000000000000000       0x70 Core/Src/1wire.o
 .debug_aranges
                0x0000000000000070       0x40 Core/Src/main.o
 .debug_aranges
                0x00000000000000b0       0x30 Core/Src/sct.o
 .debug_aranges
                0x00000000000000e0       0x30 Core/Src/stm32f0xx_hal_msp.o
 .debug_aranges
                0x0000000000000110       0x40 Core/Src/stm32f0xx_it.o
 .debug_aranges
                0x0000000000000150       0x28 Core/Src/system_stm32f0xx.o
 .debug_aranges
                0x0000000000000178       0x28 Core/Startup/startup_stm32f030r8tx.o
 .debug_aranges
                0x00000000000001a0       0xd0 Drivers/STM32F0xx_HAL_Driver/Src/stm32f0xx_hal.o
 .debug_aranges
                0x0000000000000270       0xf8 Drivers/STM32F0xx_HAL_Driver/Src/stm32f0xx_hal_adc.o
 .debug_aranges
                0x0000000000000368       0x20 Drivers/STM32F0xx_HAL_Driver/Src/stm32f0xx_hal_adc_ex.o
 .debug_aranges
                0x0000000000000388       0xc0 Drivers/STM32F0xx_HAL_Driver/Src/stm32f0xx_hal_cortex.o
 .debug_aranges
                0x0000000000000448       0x58 Drivers/STM32F0xx_HAL_Driver/Src/stm32f0xx_hal_gpio.o
 .debug_aranges
                0x00000000000004a0       0x80 Drivers/STM32F0xx_HAL_Driver/Src/stm32f0xx_hal_rcc.o

.debug_ranges   0x0000000000000000      0x458
 .debug_ranges  0x0000000000000000       0x60 Core/Src/1wire.o
 .debug_ranges  0x0000000000000060       0x30 Core/Src/main.o
 .debug_ranges  0x0000000000000090       0x20 Core/Src/sct.o
 .debug_ranges  0x00000000000000b0       0x20 Core/Src/stm32f0xx_hal_msp.o
 .debug_ranges  0x00000000000000d0       0x30 Core/Src/stm32f0xx_it.o
 .debug_ranges  0x0000000000000100       0x18 Core/Src/system_stm32f0xx.o
 .debug_ranges  0x0000000000000118       0x20 Core/Startup/startup_stm32f030r8tx.o
 .debug_ranges  0x0000000000000138       0xc0 Drivers/STM32F0xx_HAL_Driver/Src/stm32f0xx_hal.o
 .debug_ranges  0x00000000000001f8       0xe8 Drivers/STM32F0xx_HAL_Driver/Src/stm32f0xx_hal_adc.o
 .debug_ranges  0x00000000000002e0       0x10 Drivers/STM32F0xx_HAL_Driver/Src/stm32f0xx_hal_adc_ex.o
 .debug_ranges  0x00000000000002f0       0xb0 Drivers/STM32F0xx_HAL_Driver/Src/stm32f0xx_hal_cortex.o
 .debug_ranges  0x00000000000003a0       0x48 Drivers/STM32F0xx_HAL_Driver/Src/stm32f0xx_hal_gpio.o
 .debug_ranges  0x00000000000003e8       0x70 Drivers/STM32F0xx_HAL_Driver/Src/stm32f0xx_hal_rcc.o

.debug_macro    0x0000000000000000     0xc683
 .debug_macro   0x0000000000000000      0x312 Core/Src/1wire.o
 .debug_macro   0x0000000000000312      0xa48 Core/Src/1wire.o
 .debug_macro   0x0000000000000d5a       0x22 Core/Src/1wire.o
 .debug_macro   0x0000000000000d7c       0x40 Core/Src/1wire.o
 .debug_macro   0x0000000000000dbc       0x18 Core/Src/1wire.o
 .debug_macro   0x0000000000000dd4       0x94 Core/Src/1wire.o
 .debug_macro   0x0000000000000e68       0x3c Core/Src/1wire.o
 .debug_macro   0x0000000000000ea4       0x34 Core/Src/1wire.o
 .debug_macro   0x0000000000000ed8       0x16 Core/Src/1wire.o
 .debug_macro   0x0000000000000eee       0x57 Core/Src/1wire.o
 .debug_macro   0x0000000000000f45       0x97 Core/Src/1wire.o
 .debug_macro   0x0000000000000fdc      0x330 Core/Src/1wire.o
 .debug_macro   0x000000000000130c       0xfd Core/Src/1wire.o
 .debug_macro   0x0000000000001409       0x10 Core/Src/1wire.o
 .debug_macro   0x0000000000001419       0x52 Core/Src/1wire.o
 .debug_macro   0x000000000000146b       0x1f Core/Src/1wire.o
 .debug_macro   0x000000000000148a       0x43 Core/Src/1wire.o
 .debug_macro   0x00000000000014cd       0x20 Core/Src/1wire.o
 .debug_macro   0x00000000000014ed      0x1a3 Core/Src/1wire.o
 .debug_macro   0x0000000000001690       0x10 Core/Src/1wire.o
 .debug_macro   0x00000000000016a0       0x6a Core/Src/1wire.o
 .debug_macro   0x000000000000170a       0x1c Core/Src/1wire.o
 .debug_macro   0x0000000000001726       0x52 Core/Src/1wire.o
 .debug_macro   0x0000000000001778       0x40 Core/Src/1wire.o
 .debug_macro   0x00000000000017b8       0x10 Core/Src/1wire.o
 .debug_macro   0x00000000000017c8       0x40 Core/Src/1wire.o
 .debug_macro   0x0000000000001808       0xd7 Core/Src/1wire.o
 .debug_macro   0x00000000000018df       0x1c Core/Src/1wire.o
 .debug_macro   0x00000000000018fb       0x3d Core/Src/1wire.o
 .debug_macro   0x0000000000001938       0x16 Core/Src/1wire.o
 .debug_macro   0x000000000000194e      0x145 Core/Src/1wire.o
 .debug_macro   0x0000000000001a93       0xef Core/Src/1wire.o
 .debug_macro   0x0000000000001b82      0x1df Core/Src/1wire.o
 .debug_macro   0x0000000000001d61      0x12d Core/Src/1wire.o
 .debug_macro   0x0000000000001e8e       0x2e Core/Src/1wire.o
 .debug_macro   0x0000000000001ebc       0x22 Core/Src/1wire.o
 .debug_macro   0x0000000000001ede       0x1c Core/Src/1wire.o
 .debug_macro   0x0000000000001efa       0x22 Core/Src/1wire.o
 .debug_macro   0x0000000000001f1c       0xaf Core/Src/1wire.o
 .debug_macro   0x0000000000001fcb      0x391 Core/Src/1wire.o
 .debug_macro   0x000000000000235c     0x6f39 Core/Src/1wire.o
 .debug_macro   0x0000000000009295       0x3c Core/Src/1wire.o
 .debug_macro   0x00000000000092d1       0x4e Core/Src/1wire.o
 .debug_macro   0x000000000000931f      0x924 Core/Src/1wire.o
 .debug_macro   0x0000000000009c43      0x17f Core/Src/1wire.o
 .debug_macro   0x0000000000009dc2      0x12f Core/Src/1wire.o
 .debug_macro   0x0000000000009ef1       0xd9 Core/Src/1wire.o
 .debug_macro   0x0000000000009fca      0x1a0 Core/Src/1wire.o
 .debug_macro   0x000000000000a16a      0x1ed Core/Src/1wire.o
 .debug_macro   0x000000000000a357       0x34 Core/Src/1wire.o
 .debug_macro   0x000000000000a38b       0x43 Core/Src/1wire.o
 .debug_macro   0x000000000000a3ce       0x28 Core/Src/1wire.o
 .debug_macro   0x000000000000a3f6      0x33d Core/Src/1wire.o
 .debug_macro   0x000000000000a733       0xc2 Core/Src/1wire.o
 .debug_macro   0x000000000000a7f5       0xb0 Core/Src/1wire.o
 .debug_macro   0x000000000000a8a5      0x199 Core/Src/1wire.o
 .debug_macro   0x000000000000aa3e      0x22c Core/Src/1wire.o
 .debug_macro   0x000000000000ac6a       0x60 Core/Src/1wire.o
 .debug_macro   0x000000000000acca       0xa5 Core/Src/1wire.o
 .debug_macro   0x000000000000ad6f       0x4c Core/Src/1wire.o
 .debug_macro   0x000000000000adbb       0x2b Core/Src/1wire.o
 .debug_macro   0x000000000000ade6       0xff Core/Src/1wire.o
 .debug_macro   0x000000000000aee5       0x70 Core/Src/1wire.o
 .debug_macro   0x000000000000af55       0xb2 Core/Src/1wire.o
 .debug_macro   0x000000000000b007      0x1d0 Core/Src/main.o
 .debug_macro   0x000000000000b1d7       0x8e Core/Src/main.o
 .debug_macro   0x000000000000b265       0x51 Core/Src/main.o
 .debug_macro   0x000000000000b2b6       0xb5 Core/Src/main.o
 .debug_macro   0x000000000000b36b      0x174 Core/Src/main.o
 .debug_macro   0x000000000000b4df       0x54 Core/Src/main.o
 .debug_macro   0x000000000000b533      0x1c6 Core/Src/sct.o
 .debug_macro   0x000000000000b6f9      0x1b3 Core/Src/stm32f0xx_hal_msp.o
 .debug_macro   0x000000000000b8ac      0x1bd Core/Src/stm32f0xx_it.o
 .debug_macro   0x000000000000ba69      0x1a4 Core/Src/system_stm32f0xx.o
 .debug_macro   0x000000000000bc0d      0x1c8 Drivers/STM32F0xx_HAL_Driver/Src/stm32f0xx_hal.o
 .debug_macro   0x000000000000bdd5      0x1c8 Drivers/STM32F0xx_HAL_Driver/Src/stm32f0xx_hal_adc.o
 .debug_macro   0x000000000000bf9d      0x1b0 Drivers/STM32F0xx_HAL_Driver/Src/stm32f0xx_hal_adc_ex.o
 .debug_macro   0x000000000000c14d      0x1a4 Drivers/STM32F0xx_HAL_Driver/Src/stm32f0xx_hal_cortex.o
 .debug_macro   0x000000000000c2f1      0x1dc Drivers/STM32F0xx_HAL_Driver/Src/stm32f0xx_hal_gpio.o
 .debug_macro   0x000000000000c4cd      0x1b6 Drivers/STM32F0xx_HAL_Driver/Src/stm32f0xx_hal_rcc.o

.debug_line     0x0000000000000000     0x6026
 .debug_line    0x0000000000000000      0xa66 Core/Src/1wire.o
 .debug_line    0x0000000000000a66      0x70d Core/Src/main.o
 .debug_line    0x0000000000001173      0x69f Core/Src/sct.o
 .debug_line    0x0000000000001812      0x696 Core/Src/stm32f0xx_hal_msp.o
 .debug_line    0x0000000000001ea8      0x6bd Core/Src/stm32f0xx_it.o
 .debug_line    0x0000000000002565      0x683 Core/Src/system_stm32f0xx.o
 .debug_line    0x0000000000002be8       0x89 Core/Startup/startup_stm32f030r8tx.o
 .debug_line    0x0000000000002c71      0x81f Drivers/STM32F0xx_HAL_Driver/Src/stm32f0xx_hal.o
 .debug_line    0x0000000000003490      0xbde Drivers/STM32F0xx_HAL_Driver/Src/stm32f0xx_hal_adc.o
 .debug_line    0x000000000000406e      0x6bf Drivers/STM32F0xx_HAL_Driver/Src/stm32f0xx_hal_adc_ex.o
 .debug_line    0x000000000000472d      0x837 Drivers/STM32F0xx_HAL_Driver/Src/stm32f0xx_hal_cortex.o
 .debug_line    0x0000000000004f64      0x7e2 Drivers/STM32F0xx_HAL_Driver/Src/stm32f0xx_hal_gpio.o
 .debug_line    0x0000000000005746      0x8e0 Drivers/STM32F0xx_HAL_Driver/Src/stm32f0xx_hal_rcc.o

.debug_str      0x0000000000000000    0x438d5
 .debug_str     0x0000000000000000    0x420ba Core/Src/1wire.o
                                      0x4232b (size before relaxing)
 .debug_str     0x00000000000420ba      0x5da Core/Src/main.o
                                      0x3e7aa (size before relaxing)
 .debug_str     0x0000000000042694      0x195 Core/Src/sct.o
                                      0x3df50 (size before relaxing)
 .debug_str     0x0000000000042829       0x4e Core/Src/stm32f0xx_hal_msp.o
                                      0x3e327 (size before relaxing)
 .debug_str     0x0000000000042877       0x76 Core/Src/stm32f0xx_it.o
                                      0x3df13 (size before relaxing)
 .debug_str     0x00000000000428ed       0x5f Core/Src/system_stm32f0xx.o
                                      0x3ddc6 (size before relaxing)
 .debug_str     0x000000000004294c       0x36 Core/Startup/startup_stm32f030r8tx.o
                                         0x88 (size before relaxing)
 .debug_str     0x0000000000042982      0x4bf Drivers/STM32F0xx_HAL_Driver/Src/stm32f0xx_hal.o
                                      0x3e2ce (size before relaxing)
 .debug_str     0x0000000000042e41      0x393 Drivers/STM32F0xx_HAL_Driver/Src/stm32f0xx_hal_adc.o
                                      0x3e4c6 (size before relaxing)
 .debug_str     0x00000000000431d4       0xa8 Drivers/STM32F0xx_HAL_Driver/Src/stm32f0xx_hal_adc_ex.o
                                      0x3e17f (size before relaxing)
 .debug_str     0x000000000004327c      0x1f8 Drivers/STM32F0xx_HAL_Driver/Src/stm32f0xx_hal_cortex.o
                                      0x3e186 (size before relaxing)
 .debug_str     0x0000000000043474      0x20d Drivers/STM32F0xx_HAL_Driver/Src/stm32f0xx_hal_gpio.o
                                      0x3e062 (size before relaxing)
 .debug_str     0x0000000000043681      0x254 Drivers/STM32F0xx_HAL_Driver/Src/stm32f0xx_hal_rcc.o
                                      0x3e1d0 (size before relaxing)

.comment        0x0000000000000000       0x7b
 .comment       0x0000000000000000       0x7b Core/Src/1wire.o
                                         0x7c (size before relaxing)
 .comment       0x000000000000007b       0x7c Core/Src/main.o
 .comment       0x000000000000007b       0x7c Core/Src/sct.o
 .comment       0x000000000000007b       0x7c Core/Src/stm32f0xx_hal_msp.o
 .comment       0x000000000000007b       0x7c Core/Src/stm32f0xx_it.o
 .comment       0x000000000000007b       0x7c Core/Src/system_stm32f0xx.o
 .comment       0x000000000000007b       0x7c Drivers/STM32F0xx_HAL_Driver/Src/stm32f0xx_hal.o
 .comment       0x000000000000007b       0x7c Drivers/STM32F0xx_HAL_Driver/Src/stm32f0xx_hal_adc.o
 .comment       0x000000000000007b       0x7c Drivers/STM32F0xx_HAL_Driver/Src/stm32f0xx_hal_adc_ex.o
 .comment       0x000000000000007b       0x7c Drivers/STM32F0xx_HAL_Driver/Src/stm32f0xx_hal_cortex.o
 .comment       0x000000000000007b       0x7c Drivers/STM32F0xx_HAL_Driver/Src/stm32f0xx_hal_gpio.o
 .comment       0x000000000000007b       0x7c Drivers/STM32F0xx_HAL_Driver/Src/stm32f0xx_hal_rcc.o

.debug_frame    0x0000000000000000     0x1028
 .debug_frame   0x0000000000000000      0x170 Core/Src/1wire.o
 .debug_frame   0x0000000000000170       0xac Core/Src/main.o
 .debug_frame   0x000000000000021c       0x6c Core/Src/sct.o
 .debug_frame   0x0000000000000288       0x70 Core/Src/stm32f0xx_hal_msp.o
 .debug_frame   0x00000000000002f8       0x9c Core/Src/stm32f0xx_it.o
 .debug_frame   0x0000000000000394       0x4c Core/Src/system_stm32f0xx.o
 .debug_frame   0x00000000000003e0      0x2a4 Drivers/STM32F0xx_HAL_Driver/Src/stm32f0xx_hal.o
 .debug_frame   0x0000000000000684      0x3a0 Drivers/STM32F0xx_HAL_Driver/Src/stm32f0xx_hal_adc.o
 .debug_frame   0x0000000000000a24       0x30 Drivers/STM32F0xx_HAL_Driver/Src/stm32f0xx_hal_adc_ex.o
 .debug_frame   0x0000000000000a54      0x2a0 Drivers/STM32F0xx_HAL_Driver/Src/stm32f0xx_hal_cortex.o
 .debug_frame   0x0000000000000cf4      0x110 Drivers/STM32F0xx_HAL_Driver/Src/stm32f0xx_hal_gpio.o
 .debug_frame   0x0000000000000e04      0x198 Drivers/STM32F0xx_HAL_Driver/Src/stm32f0xx_hal_rcc.o
 .debug_frame   0x0000000000000f9c       0x2c c:/st/stm32cubeide_1.4.0/stm32cubeide/plugins/com.st.stm32cube.ide.mcu.externaltools.gnu-tools-for-stm32.7-2018-q2-update.win32_1.4.0.202007081208/tools/bin/../lib/gcc/arm-none-eabi/7.3.1/../../../../arm-none-eabi/lib/thumb/v6-m\libc_nano.a(lib_a-init.o)
 .debug_frame   0x0000000000000fc8       0x20 c:/st/stm32cubeide_1.4.0/stm32cubeide/plugins/com.st.stm32cube.ide.mcu.externaltools.gnu-tools-for-stm32.7-2018-q2-update.win32_1.4.0.202007081208/tools/bin/../lib/gcc/arm-none-eabi/7.3.1/../../../../arm-none-eabi/lib/thumb/v6-m\libc_nano.a(lib_a-memset.o)
 .debug_frame   0x0000000000000fe8       0x20 c:/st/stm32cubeide_1.4.0/stm32cubeide/plugins/com.st.stm32cube.ide.mcu.externaltools.gnu-tools-for-stm32.7-2018-q2-update.win32_1.4.0.202007081208/tools/bin/../lib/gcc/arm-none-eabi/7.3.1/thumb/v6-m\libgcc.a(_udivsi3.o)
 .debug_frame   0x0000000000001008       0x20 c:/st/stm32cubeide_1.4.0/stm32cubeide/plugins/com.st.stm32cube.ide.mcu.externaltools.gnu-tools-for-stm32.7-2018-q2-update.win32_1.4.0.202007081208/tools/bin/../lib/gcc/arm-none-eabi/7.3.1/thumb/v6-m\libgcc.a(_divsi3.o)
